Component: Arm Compiler for Embedded 6.24 Tool: armlink [5f371500]

==============================================================================

Section Cross References

    stm32f4xx_nucleo_144.o(.ARM.exidx.text.BSP_GetVersion) refers to stm32f4xx_nucleo_144.o(.text.BSP_GetVersion) for [Anonymous Symbol]
    stm32f4xx_nucleo_144.o(.text.BSP_LED_Init) refers to stm32f4xx_nucleo_144.o(.data.GPIO_PORT) for GPIO_PORT
    stm32f4xx_nucleo_144.o(.text.BSP_LED_Init) refers to stm32f4xx_nucleo_144.o(.rodata.GPIO_PIN) for GPIO_PIN
    stm32f4xx_nucleo_144.o(.text.BSP_LED_Init) refers to stm32f4xx_hal_gpio.o(.text.HAL_GPIO_Init) for HAL_GPIO_Init
    stm32f4xx_nucleo_144.o(.text.BSP_LED_Init) refers to stm32f4xx_hal_gpio.o(.text.HAL_GPIO_WritePin) for HAL_GPIO_WritePin
    stm32f4xx_nucleo_144.o(.ARM.exidx.text.BSP_LED_Init) refers to stm32f4xx_nucleo_144.o(.text.BSP_LED_Init) for [Anonymous Symbol]
    stm32f4xx_nucleo_144.o(.text.BSP_LED_DeInit) refers to stm32f4xx_nucleo_144.o(.rodata.GPIO_PIN) for GPIO_PIN
    stm32f4xx_nucleo_144.o(.text.BSP_LED_DeInit) refers to stm32f4xx_nucleo_144.o(.data.GPIO_PORT) for GPIO_PORT
    stm32f4xx_nucleo_144.o(.text.BSP_LED_DeInit) refers to stm32f4xx_hal_gpio.o(.text.HAL_GPIO_WritePin) for HAL_GPIO_WritePin
    stm32f4xx_nucleo_144.o(.text.BSP_LED_DeInit) refers to stm32f4xx_hal_gpio.o(.text.HAL_GPIO_DeInit) for HAL_GPIO_DeInit
    stm32f4xx_nucleo_144.o(.ARM.exidx.text.BSP_LED_DeInit) refers to stm32f4xx_nucleo_144.o(.text.BSP_LED_DeInit) for [Anonymous Symbol]
    stm32f4xx_nucleo_144.o(.text.BSP_LED_On) refers to stm32f4xx_nucleo_144.o(.data.GPIO_PORT) for GPIO_PORT
    stm32f4xx_nucleo_144.o(.text.BSP_LED_On) refers to stm32f4xx_nucleo_144.o(.rodata.GPIO_PIN) for GPIO_PIN
    stm32f4xx_nucleo_144.o(.text.BSP_LED_On) refers to stm32f4xx_hal_gpio.o(.text.HAL_GPIO_WritePin) for HAL_GPIO_WritePin
    stm32f4xx_nucleo_144.o(.ARM.exidx.text.BSP_LED_On) refers to stm32f4xx_nucleo_144.o(.text.BSP_LED_On) for [Anonymous Symbol]
    stm32f4xx_nucleo_144.o(.text.BSP_LED_Off) refers to stm32f4xx_nucleo_144.o(.data.GPIO_PORT) for GPIO_PORT
    stm32f4xx_nucleo_144.o(.text.BSP_LED_Off) refers to stm32f4xx_nucleo_144.o(.rodata.GPIO_PIN) for GPIO_PIN
    stm32f4xx_nucleo_144.o(.text.BSP_LED_Off) refers to stm32f4xx_hal_gpio.o(.text.HAL_GPIO_WritePin) for HAL_GPIO_WritePin
    stm32f4xx_nucleo_144.o(.ARM.exidx.text.BSP_LED_Off) refers to stm32f4xx_nucleo_144.o(.text.BSP_LED_Off) for [Anonymous Symbol]
    stm32f4xx_nucleo_144.o(.text.BSP_LED_Toggle) refers to stm32f4xx_nucleo_144.o(.data.GPIO_PORT) for GPIO_PORT
    stm32f4xx_nucleo_144.o(.text.BSP_LED_Toggle) refers to stm32f4xx_nucleo_144.o(.rodata.GPIO_PIN) for GPIO_PIN
    stm32f4xx_nucleo_144.o(.text.BSP_LED_Toggle) refers to stm32f4xx_hal_gpio.o(.text.HAL_GPIO_TogglePin) for HAL_GPIO_TogglePin
    stm32f4xx_nucleo_144.o(.ARM.exidx.text.BSP_LED_Toggle) refers to stm32f4xx_nucleo_144.o(.text.BSP_LED_Toggle) for [Anonymous Symbol]
    stm32f4xx_nucleo_144.o(.text.BSP_PB_Init) refers to stm32f4xx_nucleo_144.o(.data.BUTTON_PORT) for BUTTON_PORT
    stm32f4xx_nucleo_144.o(.text.BSP_PB_Init) refers to stm32f4xx_hal_gpio.o(.text.HAL_GPIO_Init) for HAL_GPIO_Init
    stm32f4xx_nucleo_144.o(.text.BSP_PB_Init) refers to stm32f4xx_hal_cortex.o(.text.HAL_NVIC_SetPriority) for HAL_NVIC_SetPriority
    stm32f4xx_nucleo_144.o(.text.BSP_PB_Init) refers to stm32f4xx_hal_cortex.o(.text.HAL_NVIC_EnableIRQ) for HAL_NVIC_EnableIRQ
    stm32f4xx_nucleo_144.o(.ARM.exidx.text.BSP_PB_Init) refers to stm32f4xx_nucleo_144.o(.text.BSP_PB_Init) for [Anonymous Symbol]
    stm32f4xx_nucleo_144.o(.text.BSP_PB_DeInit) refers to stm32f4xx_hal_cortex.o(.text.HAL_NVIC_DisableIRQ) for HAL_NVIC_DisableIRQ
    stm32f4xx_nucleo_144.o(.text.BSP_PB_DeInit) refers to stm32f4xx_nucleo_144.o(.data.BUTTON_PORT) for BUTTON_PORT
    stm32f4xx_nucleo_144.o(.text.BSP_PB_DeInit) refers to stm32f4xx_hal_gpio.o(.text.HAL_GPIO_DeInit) for HAL_GPIO_DeInit
    stm32f4xx_nucleo_144.o(.ARM.exidx.text.BSP_PB_DeInit) refers to stm32f4xx_nucleo_144.o(.text.BSP_PB_DeInit) for [Anonymous Symbol]
    stm32f4xx_nucleo_144.o(.text.BSP_PB_GetState) refers to stm32f4xx_nucleo_144.o(.data.BUTTON_PORT) for BUTTON_PORT
    stm32f4xx_nucleo_144.o(.text.BSP_PB_GetState) refers to stm32f4xx_hal_gpio.o(.text.HAL_GPIO_ReadPin) for HAL_GPIO_ReadPin
    stm32f4xx_nucleo_144.o(.ARM.exidx.text.BSP_PB_GetState) refers to stm32f4xx_nucleo_144.o(.text.BSP_PB_GetState) for [Anonymous Symbol]
    stm32f4xx_nucleo_144.o(.text.SD_IO_Init) refers to stm32f4xx_hal_gpio.o(.text.HAL_GPIO_Init) for HAL_GPIO_Init
    stm32f4xx_nucleo_144.o(.text.SD_IO_Init) refers to stm32f4xx_hal_gpio.o(.text.HAL_GPIO_WritePin) for HAL_GPIO_WritePin
    stm32f4xx_nucleo_144.o(.text.SD_IO_Init) refers to stm32f4xx_nucleo_144.o(.text.SPIx_Init) for SPIx_Init
    stm32f4xx_nucleo_144.o(.text.SD_IO_Init) refers to stm32f4xx_nucleo_144.o(.data.SpixTimeout) for SpixTimeout
[...]
    Removing stdinout_USART.o(.text.stdin_getchar), (50 bytes).
    Removing stdinout_USART.o(.ARM.exidx.text.stdin_getchar), (8 bytes).
    Removing stdinout_USART.o(.text.stdout_putchar), (52 bytes).
    Removing stdinout_USART.o(.ARM.exidx.text.stdout_putchar), (8 bytes).
    Removing main.o(.text), (0 bytes).
    Removing main.o(.ARM.exidx.text.main), (8 bytes).
    Removing main.o(.ARM.use_no_argv), (4 bytes).
    Removing scanner.o(.text), (0 bytes).
    Removing scanner.o(.ARM.exidx.text.nextToken), (8 bytes).
    Removing display.o(.text), (0 bytes).
    Removing display.o(.ARM.exidx.text.clearStdout), (8 bytes).
    Removing display.o(.ARM.exidx.text.clearEchoTerm), (8 bytes).
    Removing display.o(.ARM.exidx.text.printStdout), (8 bytes).
    Removing display.o(.ARM.exidx.text.initDisplay), (8 bytes).
    Removing display.o(.ARM.exidx.text.printToEchoLine), (8 bytes).
    Removing display.o(.ARM.exidx.text.setErrMode), (8 bytes).
    Removing display.o(.ARM.exidx.text.setNormalMode), (8 bytes).
    Removing display.o(.text.isBottomLine), (36 bytes).
    Removing display.o(.ARM.exidx.text.isBottomLine), (8 bytes).
    Removing stack.o(.text), (0 bytes).
    Removing stack.o(.ARM.exidx.text.push), (8 bytes).
    Removing stack.o(.ARM.exidx.text.pop), (8 bytes).
    Removing stack.o(.ARM.exidx.text.clearStack), (8 bytes).
    Removing stack.o(.ARM.exidx.text.printTop), (8 bytes).
    Removing stack.o(.ARM.exidx.text.printAll), (8 bytes).
    Removing stack.o(.ARM.exidx.text.duplicateTop), (8 bytes).
    Removing stack.o(.ARM.exidx.text.swapTop), (8 bytes).
    Removing stack.o(.ARM.exidx.text.checkOverflow), (8 bytes).
    Removing dfltui.o(.text), (26 bytes).
    Removing dfixi.o(.text), (62 bytes).
    Removing depilogue.o(.text), (186 bytes).
    Removing dadd.o(.text), (334 bytes).
    Removing dmul.o(.text), (228 bytes).
    Removing ddiv.o(.text), (222 bytes).
    Removing dsqrt.o(.text), (162 bytes).
    Removing dfixul.o(.text), (48 bytes).
    Removing cdrcmple.o(.text), (48 bytes).

988 unused section(s) (total 765008 bytes) removed from the image.

==============================================================================

Image Symbol Table

    Local Symbols

    Symbol Name                              Value     Ov Type        Size  Object(Section)

    ../clib/division.s                       0x00000000   Number         0  aeabi_sdiv.o ABSOLUTE
    ../clib/microlib/division.c              0x00000000   Number         0  uldiv.o ABSOLUTE
    ../clib/microlib/division.c              0x00000000   Number         0  uidiv.o ABSOLUTE
    ../clib/microlib/errno.c                 0x00000000   Number         0  errno.o ABSOLUTE
    ../clib/microlib/init/entry.s            0x00000000   Number         0  entry.o ABSOLUTE
    ../clib/microlib/init/entry.s            0x00000000   Number         0  entry2.o ABSOLUTE
    ../clib/microlib/init/entry.s            0x00000000   Number         0  entry5.o ABSOLUTE
    ../clib/microlib/init/entry.s            0x00000000   Number         0  entry7a.o ABSOLUTE
    ../clib/microlib/init/entry.s            0x00000000   Number         0  entry7b.o ABSOLUTE
    ../clib/microlib/init/entry.s            0x00000000   Number         0  entry8a.o ABSOLUTE
    ../clib/microlib/init/entry.s            0x00000000   Number         0  entry8b.o ABSOLUTE
    ../clib/microlib/init/entry.s            0x00000000   Number         0  entry9a.o ABSOLUTE
    ../clib/microlib/init/entry.s            0x00000000   Number         0  entry9b.o ABSOLUTE
    ../clib/microlib/init/entry.s            0x00000000   Number         0  entry10a.o ABSOLUTE
    ../clib/microlib/init/entry.s            0x00000000   Number         0  entry10b.o ABSOLUTE
    ../clib/microlib/init/entry.s            0x00000000   Number         0  entry11a.o ABSOLUTE
    ../clib/microlib/init/entry.s            0x00000000   Number         0  entry11b.o ABSOLUTE
    ../clib/microlib/longlong.c              0x00000000   Number         0  llshl.o ABSOLUTE
    ../clib/microlib/longlong.c              0x00000000   Number         0  llushr.o ABSOLUTE
    ../clib/microlib/longlong.c              0x00000000   Number         0  llsshr.o ABSOLUTE
    ../clib/microlib/printf/printf.c         0x00000000   Number         0  printfb.o ABSOLUTE
    ../clib/microlib/printf/printf.c         0x00000000   Number         0  printf0.o ABSOLUTE
    ../clib/microlib/printf/printf.c         0x00000000   Number         0  printf1.o ABSOLUTE
    ../clib/microlib/printf/printf.c         0x00000000   Number         0  printf2.o ABSOLUTE
    ../clib/microlib/printf/printf.c         0x00000000   Number         0  printf3.o ABSOLUTE
    ../clib/microlib/printf/printf.c         0x00000000   Number         0  printf4.o ABSOLUTE
    ../clib/microlib/printf/printf.c         0x00000000   Number         0  printf5.o ABSOLUTE
    ../clib/microlib/printf/printf.c         0x00000000   Number         0  printf6.o ABSOLUTE
    ../clib/microlib/printf/printf.c         0x00000000   Number         0  printf7.o ABSOLUTE
    ../clib/microlib/printf/printf.c         0x00000000   Number         0  printf8.o ABSOLUTE
    ../clib/microlib/printf/printf.c         0x00000000   Number         0  printfa.o ABSOLUTE
    ../clib/microlib/printf/stubs.s          0x00000000   Number         0  printfstubs.o ABSOLUTE
    ../clib/microlib/stdio/fputc.c           0x00000000   Number         0  fputc.o ABSOLUTE
    ../clib/microlib/stdio/fputc.c           0x00000000   Number         0  fputc_h.o ABSOLUTE
    ../clib/microlib/stdio/puts.c            0x00000000   Number         0  puts.o ABSOLUTE
    ../clib/microlib/stdio/puts.c            0x00000000   Number         0  puts_e.o ABSOLUTE
    ../clib/microlib/stdio/semi.s            0x00000000   Number         0  semi.o ABSOLUTE
    ../clib/microlib/stdio/streams.c         0x00000000   Number         0  stdout.o ABSOLUTE
    ../clib/microlib/string/memcpy.c         0x00000000   Number         0  memcpya.o ABSOLUTE
    ../clib/microlib/string/memcpy.c         0x00000000   Number         0  memcpyb.o ABSOLUTE
    ../clib/microlib/string/memset.c         0x00000000   Number         0  memseta.o ABSOLUTE
    ../clib/microlib/string/strlen.c         0x00000000   Number         0  strlen.o ABSOLUTE
    ../clib/microlib/stubs.s                 0x00000000   Number         0  iusefp.o ABSOLUTE
    ../clib/microlib/stubs.s                 0x00000000   Number         0  iusesemip.o ABSOLUTE
    ../fplib/microlib/fpadd.c                0x00000000   Number         0  dadd.o ABSOLUTE
    ../fplib/microlib/fpdiv.c                0x00000000   Number         0  ddiv.o ABSOLUTE
    ../fplib/microlib/fpepilogue.c           0x00000000   Number         0  depilogue.o ABSOLUTE
    ../fplib/microlib/fpfix.c                0x00000000   Number         0  dfixi.o ABSOLUTE
    ../fplib/microlib/fpfix.c                0x00000000   Number         0  dfixul.o ABSOLUTE
    ../fplib/microlib/fpflt.c                0x00000000   Number         0  dfltui.o ABSOLUTE
    ../fplib/microlib/fpmul.c                0x00000000   Number         0  dmul.o ABSOLUTE
    ../fplib/microlib/fpsqrt.c               0x00000000   Number         0  dsqrt.o ABSOLUTE
    ../mathlib/sqrt.c                        0x00000000   Number         0  sqrt.o ABSOLUTE
    C:/Users/infwtx851/Downloads/ITS-BRD-VSC-testing/ITS_BRD_LIB/Src/startup/startup_stm32f429xx.s 0x00000000   Number         0  startup_stm32f429xx.o ABSOLUTE
    Consolas40.c                             0x00000000   Number         0  Consolas40.o ABSOLUTE
    Consolas60.c                             0x00000000   Number         0  Consolas60.o ABSOLUTE
    Consolas80.c                             0x00000000   Number         0  Consolas80.o ABSOLUTE
    Consolas90.c                             0x00000000   Number         0  Consolas90.o ABSOLUTE
    ConsolasBold40.c                         0x00000000   Number         0  ConsolasBold40.o ABSOLUTE
    ConsolasBold60.c                         0x00000000   Number         0  ConsolasBold60.o ABSOLUTE
    ConsolasBold80.c                         0x00000000   Number         0  ConsolasBold80.o ABSOLUTE
    ConsolasBold90.c                         0x00000000   Number         0  ConsolasBold90.o ABSOLUTE
    CourierNew48.c                           0x00000000   Number         0  CourierNew48.o ABSOLUTE
    CourierNewBold40.c                       0x00000000   Number         0  CourierNewBold40.o ABSOLUTE
    CourierNewBold60.c                       0x00000000   Number         0  CourierNewBold60.o ABSOLUTE
    FiraMono40.c                             0x00000000   Number         0  FiraMono40.o ABSOLUTE
    FiraMono60.c                             0x00000000   Number         0  FiraMono60.o ABSOLUTE
    FiraMono80.c                             0x00000000   Number         0  FiraMono80.o ABSOLUTE
    FiraMono90.c                             0x00000000   Number         0  FiraMono90.o ABSOLUTE
    FiraMonoMedium40.c                       0x00000000   Number         0  FiraMonoMedium40.o ABSOLUTE
    FiraMonoMedium60.c                       0x00000000   Number         0  FiraMonoMedium60.o ABSOLUTE
    FiraMonoMedium80.c                       0x00000000   Number         0  FiraMonoMedium80.o ABSOLUTE
    FiraMonoMedium90.c                       0x00000000   Number         0  FiraMonoMedium90.o ABSOLUTE
    LCD_Debug.c                              0x00000000   Number         0  LCD_Debug.o ABSOLUTE
    LCD_Demos.c                              0x00000000   Number         0  LCD_Demos.o ABSOLUTE
    LCD_Driver.c                             0x00000000   Number         0  LCD_Driver.o ABSOLUTE
    LCD_GPIO.c                               0x00000000   Number         0  LCD_GPIO.o ABSOLUTE
    LCD_GUI.c                                0x00000000   Number         0  LCD_GUI.o ABSOLUTE
    LCD_SPI.c                                0x00000000   Number         0  LCD_SPI.o ABSOLUTE
    LCD_TIM.c                                0x00000000   Number         0  LCD_TIM.o ABSOLUTE
    LCD_Tools.c                              0x00000000   Number         0  LCD_Tools.o ABSOLUTE
    LCD_Touch.c                              0x00000000   Number         0  LCD_Touch.o ABSOLUTE
    USART_STM32F4xx.c                        0x00000000   Number         0  USART_STM32F4xx.o ABSOLUTE
    cdrcmple.s                               0x00000000   Number         0  cdrcmple.o ABSOLUTE
    dc.s                                     0x00000000   Number         0  dc.o ABSOLUTE
    delay.c                                  0x00000000   Number         0  delay.o ABSOLUTE
    display.c                                0x00000000   Number         0  display.o ABSOLUTE
    error.c                                  0x00000000   Number         0  error.o ABSOLUTE
    font12.c                                 0x00000000   Number         0  font12.o ABSOLUTE
    font16.c                                 0x00000000   Number         0  font16.o ABSOLUTE
    font20.c                                 0x00000000   Number         0  font20.o ABSOLUTE
    font24.c                                 0x00000000   Number         0  font24.o ABSOLUTE
    font8.c                                  0x00000000   Number         0  font8.o ABSOLUTE
    fontsFLASH.c                             0x00000000   Number         0  fontsFLASH.o ABSOLUTE
    handlers.s                               0x00000000   Number         0  handlers.o ABSOLUTE
    init.c                                   0x00000000   Number         0  init.o ABSOLUTE
    init.s                                   0x00000000   Number         0  init.o ABSOLUTE
    keypad.c                                 0x00000000   Number         0  keypad.o ABSOLUTE
    lcd.c                                    0x00000000   Number         0  lcd.o ABSOLUTE
    main.c                                   0x00000000   Number         0  main.o ABSOLUTE
    scanner.c                                0x00000000   Number         0  scanner.o ABSOLUTE
    stack.c                                  0x00000000   Number         0  stack.o ABSOLUTE
    stdinout_USART.c                         0x00000000   Number         0  stdinout_USART.o ABSOLUTE
    stm32f4xx_hal.c                          0x00000000   Number         0  stm32f4xx_hal.o ABSOLUTE
    stm32f4xx_hal_cortex.c                   0x00000000   Number         0  stm32f4xx_hal_cortex.o ABSOLUTE
    stm32f4xx_hal_dma.c                      0x00000000   Number         0  stm32f4xx_hal_dma.o ABSOLUTE
    stm32f4xx_hal_eth.c                      0x00000000   Number         0  stm32f4xx_hal_eth.o ABSOLUTE
    stm32f4xx_hal_gpio.c                     0x00000000   Number         0  stm32f4xx_hal_gpio.o ABSOLUTE
    stm32f4xx_hal_pwr.c                      0x00000000   Number         0  stm32f4xx_hal_pwr.o ABSOLUTE
    stm32f4xx_hal_pwr_ex.c                   0x00000000   Number         0  stm32f4xx_hal_pwr_ex.o ABSOLUTE
    stm32f4xx_hal_rcc.c                      0x00000000   Number         0  stm32f4xx_hal_rcc.o ABSOLUTE
    stm32f4xx_hal_spi.c                      0x00000000   Number         0  stm32f4xx_hal_spi.o ABSOLUTE
    stm32f4xx_hal_tim.c                      0x00000000   Number         0  stm32f4xx_hal_tim.o ABSOLUTE
    stm32f4xx_hal_tim_ex.c                   0x00000000   Number         0  stm32f4xx_hal_tim_ex.o ABSOLUTE
    stm32f4xx_it.c                           0x00000000   Number         0  stm32f4xx_it.o ABSOLUTE
    stm32f4xx_nucleo_144.c                   0x00000000   Number         0  stm32f4xx_nucleo_144.o ABSOLUTE
    system_stm32f4xx.c                       0x00000000   Number         0  system_stm32f4xx.o ABSOLUTE
    terminal.c                               0x00000000   Number         0  terminal.o ABSOLUTE
    testsoftware.c                           0x00000000   Number         0  testsoftware.o ABSOLUTE
    timer.c                                  0x00000000   Number         0  timer.o ABSOLUTE
    RESET                                    0x08000000   Section      428  startup_stm32f429xx.o(RESET)
    .ARM.Collect$$$$00000000                 0x080001ac   Section        0  entry.o(.ARM.Collect$$$$00000000)
    .ARM.Collect$$$$00000001                 0x080001ac   Section        4  entry2.o(.ARM.Collect$$$$00000001)
    .ARM.Collect$$$$00000004                 0x080001b0   Section        4  entry5.o(.ARM.Collect$$$$00000004)
    .ARM.Collect$$$$00000008                 0x080001b4   Section        0  entry7b.o(.ARM.Collect$$$$00000008)
    .ARM.Collect$$$$0000000A                 0x080001b4   Section        0  entry8b.o(.ARM.Collect$$$$0000000A)
    .ARM.Collect$$$$0000000B                 0x080001b4   Section        8  entry9a.o(.ARM.Collect$$$$0000000B)
    __lit__00000000                          0x080001bc   Data           4  entry2.o(.ARM.Collect$$$$00002712)
    .ARM.Collect$$$$0000000D                 0x080001bc   Section        0  entry10a.o(.ARM.Collect$$$$0000000D)
    .ARM.Collect$$$$0000000F                 0x080001bc   Section        0  entry11a.o(.ARM.Collect$$$$0000000F)
    .ARM.Collect$$$$00002712                 0x080001bc   Section        4  entry2.o(.ARM.Collect$$$$00002712)
    $v0                                      0x080001c0   Number         0  startup_stm32f429xx.o(.text)
    .text                                    0x080001c0   Section       36  startup_stm32f429xx.o(.text)
    .text                                    0x080001e4   Section        0  uldiv.o(.text)
    .text                                    0x08000246   Section        0  memcpya.o(.text)
    .text                                    0x0800026a   Section        0  memseta.o(.text)
    .text                                    0x0800028e   Section        0  strlen.o(.text)
    .text                                    0x0800029c   Section        0  uidiv.o(.text)
    .text                                    0x080002c8   Section        0  llshl.o(.text)
    .text                                    0x080002e6   Section        0  llushr.o(.text)
    .text                                    0x08000308   Section       48  init.o(.text)
    [Anonymous Symbol]                       0x08000338   Section        0  stm32f4xx_it.o(.text.BusFault_Handler)
    [Anonymous Symbol]                       0x0800033c   Section        0  stm32f4xx_it.o(.text.DebugMon_Handler)
    [Anonymous Symbol]                       0x08000340   Section        0  LCD_Tools.o(.text.Driver_Delay_ms)
    [Anonymous Symbol]                       0x08000344   Section        0  LCD_Tools.o(.text.Driver_Delay_us)
    [Anonymous Symbol]                       0x08000348   Section        0  stm32f4xx_it.o(.text.ETH_IRQHandler)
    [Anonymous Symbol]                       0x08000354   Section        0  error.o(.text.Error_Handler)
    [Anonymous Symbol]                       0x0800043c   Section        0  LCD_GPIO.o(.text.GPIO_Init)
    [Anonymous Symbol]                       0x08000578   Section        0  LCD_GUI.o(.text.GUI_clear)
    [Anonymous Symbol]                       0x0800057c   Section        0  LCD_GUI.o(.text.GUI_disChar)
    [Anonymous Symbol]                       0x08000604   Section        0  LCD_GUI.o(.text.GUI_disNum)
    [Anonymous Symbol]                       0x08000658   Section        0  LCD_GUI.o(.text.GUI_disStr)
    [Anonymous Symbol]                       0x0800076c   Section        0  LCD_GUI.o(.text.GUI_drawPoint)
    [Anonymous Symbol]                       0x080007d0   Section        0  LCD_GUI.o(.text.GUI_drawRectangle)
    [Anonymous Symbol]                       0x08000898   Section        0  LCD_GUI.o(.text.GUI_init)
    [Anonymous Symbol]                       0x080008ac   Section        0  stm32f4xx_hal.o(.text.HAL_Delay)
    [Anonymous Symbol]                       0x080008d4   Section        0  stm32f4xx_hal_eth.o(.text.HAL_ETH_ErrorCallback)
    [Anonymous Symbol]                       0x080008d8   Section        0  stm32f4xx_hal_eth.o(.text.HAL_ETH_IRQHandler)
    [Anonymous Symbol]                       0x08000944   Section        0  stm32f4xx_hal_eth.o(.text.HAL_ETH_RxCpltCallback)
    [Anonymous Symbol]                       0x08000948   Section        0  stm32f4xx_hal_eth.o(.text.HAL_ETH_TxCpltCallback)
    [Anonymous Symbol]                       0x0800094c   Section        0  stm32f4xx_hal_gpio.o(.text.HAL_GPIO_DeInit)
    [Anonymous Symbol]                       0x08000b0c   Section        0  stm32f4xx_hal_gpio.o(.text.HAL_GPIO_Init)
    [Anonymous Symbol]                       0x08000ce0   Section        0  stm32f4xx_hal_gpio.o(.text.HAL_GPIO_ReadPin)
    [Anonymous Symbol]                       0x08000cec   Section        0  stm32f4xx_hal_gpio.o(.text.HAL_GPIO_TogglePin)
    [Anonymous Symbol]                       0x08000cfc   Section        0  stm32f4xx_hal_gpio.o(.text.HAL_GPIO_WritePin)
    [Anonymous Symbol]                       0x08000d08   Section        0  stm32f4xx_hal.o(.text.HAL_GetTick)
    [Anonymous Symbol]                       0x08000d14   Section        0  stm32f4xx_hal.o(.text.HAL_IncTick)
    [Anonymous Symbol]                       0x08000d30   Section        0  stm32f4xx_hal.o(.text.HAL_Init)
    [Anonymous Symbol]                       0x08000d60   Section        0  stm32f4xx_hal.o(.text.HAL_InitTick)
    [Anonymous Symbol]                       0x08000db0   Section        0  stm32f4xx_hal.o(.text.HAL_MspInit)
    [Anonymous Symbol]                       0x08000db4   Section        0  stm32f4xx_hal_cortex.o(.text.HAL_NVIC_DisableIRQ)
    [Anonymous Symbol]                       0x08000de0   Section        0  stm32f4xx_hal_cortex.o(.text.HAL_NVIC_SetPriority)
    [Anonymous Symbol]                       0x08000e38   Section        0  stm32f4xx_hal_cortex.o(.text.HAL_NVIC_SetPriorityGrouping)
    [Anonymous Symbol]                       0x08000e58   Section        0  stm32f4xx_hal_pwr_ex.o(.text.HAL_PWREx_EnableOverDrive)
    [Anonymous Symbol]                       0x08000ed4   Section        0  stm32f4xx_hal_rcc.o(.text.HAL_RCC_ClockConfig)
    [Anonymous Symbol]                       0x08001034   Section        0  stm32f4xx_hal_rcc.o(.text.HAL_RCC_GetPCLK1Freq)
    [Anonymous Symbol]                       0x0800105c   Section        0  stm32f4xx_hal_rcc.o(.text.HAL_RCC_GetSysClockFreq)
    [Anonymous Symbol]                       0x080010c8   Section        0  stm32f4xx_hal_rcc.o(.text.HAL_RCC_OscConfig)
    [Anonymous Symbol]                       0x08001428   Section        0  stm32f4xx_hal_cortex.o(.text.HAL_SYSTICK_Config)
    [Anonymous Symbol]                       0x08001454   Section        0  stm32f4xx_hal_tim_ex.o(.text.HAL_TIMEx_MasterConfigSynchronization)
    [Anonymous Symbol]                       0x0800150c   Section        0  stm32f4xx_hal_tim.o(.text.HAL_TIM_PWM_ConfigChannel)
    [Anonymous Symbol]                       0x08001728   Section        0  stm32f4xx_hal_tim.o(.text.HAL_TIM_PWM_Init)
    [Anonymous Symbol]                       0x08001760   Section        0  LCD_TIM.o(.text.HAL_TIM_PWM_MspInit)
    [Anonymous Symbol]                       0x08001794   Section        0  stm32f4xx_hal_tim.o(.text.HAL_TIM_PWM_Start)
    [Anonymous Symbol]                       0x080017e0   Section        0  stm32f4xx_it.o(.text.HardFault_Handler)
    [Anonymous Symbol]                       0x080017e4   Section        0  LCD_Tools.o(.text.LCDErrHandler)
    [Anonymous Symbol]                       0x08001860   Section        0  LCD_Driver.o(.text.LCD_clear)
    [Anonymous Symbol]                       0x08001870   Section        0  LCD_Driver.o(.text.LCD_fillRectangleBW)
    [Anonymous Symbol]                       0x080019a4   Section        0  LCD_Driver.o(.text.LCD_fillRectangleMC)
    [Anonymous Symbol]                       0x08001a74   Section        0  LCD_Driver.o(.text.LCD_init)
    LCD_setWindow                            0x08001cb9   Thumb Code   508  LCD_Driver.o(.text.LCD_setWindow)
    [Anonymous Symbol]                       0x08001cb8   Section        0  LCD_Driver.o(.text.LCD_setWindow)
    [Anonymous Symbol]                       0x08001eb4   Section        0  stm32f4xx_it.o(.text.MemManage_Handler)
    [Anonymous Symbol]                       0x08001eb8   Section        0  stm32f4xx_it.o(.text.NMI_Handler)
    [Anonymous Symbol]                       0x08001ebc   Section        0  LCD_TIM.o(.text.PWM_SetValue)
    [Anonymous Symbol]                       0x08001eec   Section        0  stm32f4xx_it.o(.text.PendSV_Handler)
    [Anonymous Symbol]                       0x08001ef0   Section        0  LCD_SPI.o(.text.SPI4W_Read_Byte)
    [Anonymous Symbol]                       0x08001ef8   Section        0  LCD_SPI.o(.text.SPI4W_Write_Byte)
    [Anonymous Symbol]                       0x08002018   Section        0  LCD_SPI.o(.text.SPIinit)
    [Anonymous Symbol]                       0x080020e0   Section        0  LCD_SPI.o(.text.SPIsetLCDSpeed)
    [Anonymous Symbol]                       0x0800210c   Section        0  LCD_SPI.o(.text.SPIsetTPSpeed)
    [Anonymous Symbol]                       0x08002154   Section        0  stm32f4xx_it.o(.text.SVC_Handler)
    [Anonymous Symbol]                       0x08002158   Section        0  stm32f4xx_it.o(.text.SysTick_Handler)
    [Anonymous Symbol]                       0x0800215c   Section        0  system_stm32f4xx.o(.text.SystemInit)
    [Anonymous Symbol]                       0x080021b4   Section        0  LCD_TIM.o(.text.TIM4_Init)
    [Anonymous Symbol]                       0x0800226c   Section        0  stm32f4xx_hal_tim.o(.text.TIM_Base_SetConfig)
    [Anonymous Symbol]                       0x08002390   Section        0  LCD_Touch.o(.text.TP_InitBasic)
    TP_Read_ADC_Average                      0x080023dd   Thumb Code   458  LCD_Touch.o(.text.TP_Read_ADC_Average)
    [Anonymous Symbol]                       0x080023dc   Section        0  LCD_Touch.o(.text.TP_Read_ADC_Average)
    [Anonymous Symbol]                       0x080025a8   Section        0  LCD_Touch.o(.text.TP_get)
    [Anonymous Symbol]                       0x080025b4   Section        0  LCD_Touch.o(.text.TP_pressed)
    USART3_Control                           0x080026e9   Thumb Code  2132  USART_STM32F4xx.o(.text.USART3_Control)
    [Anonymous Symbol]                       0x080026e8   Section        0  USART_STM32F4xx.o(.text.USART3_Control)
    USART3_GetCapabilities                   0x08002f3d   Thumb Code     6  USART_STM32F4xx.o(.text.USART3_GetCapabilities)
    [Anonymous Symbol]                       0x08002f3c   Section        0  USART_STM32F4xx.o(.text.USART3_GetCapabilities)
    USART3_GetModemStatus                    0x08002f45   Thumb Code     4  USART_STM32F4xx.o(.text.USART3_GetModemStatus)
    [Anonymous Symbol]                       0x08002f44   Section        0  USART_STM32F4xx.o(.text.USART3_GetModemStatus)
    USART3_GetRxCount                        0x08002f49   Thumb Code    12  USART_STM32F4xx.o(.text.USART3_GetRxCount)
    [Anonymous Symbol]                       0x08002f48   Section        0  USART_STM32F4xx.o(.text.USART3_GetRxCount)
    USART3_GetStatus                         0x08002f55   Thumb Code   116  USART_STM32F4xx.o(.text.USART3_GetStatus)
    [Anonymous Symbol]                       0x08002f54   Section        0  USART_STM32F4xx.o(.text.USART3_GetStatus)
    USART3_GetTxCount                        0x08002fc9   Thumb Code    12  USART_STM32F4xx.o(.text.USART3_GetTxCount)
    [Anonymous Symbol]                       0x08002fc8   Section        0  USART_STM32F4xx.o(.text.USART3_GetTxCount)
    [Anonymous Symbol]                       0x08002fd4   Section        0  USART_STM32F4xx.o(.text.USART3_IRQHandler)
    USART3_Initialize                        0x08002fe1   Thumb Code   102  USART_STM32F4xx.o(.text.USART3_Initialize)
    [Anonymous Symbol]                       0x08002fe0   Section        0  USART_STM32F4xx.o(.text.USART3_Initialize)
    USART3_PowerControl                      0x08003049   Thumb Code     4  USART_STM32F4xx.o(.text.USART3_PowerControl)
    [Anonymous Symbol]                       0x08003048   Section        0  USART_STM32F4xx.o(.text.USART3_PowerControl)
    USART3_Receive                           0x0800304d   Thumb Code   184  USART_STM32F4xx.o(.text.USART3_Receive)
    [Anonymous Symbol]                       0x0800304c   Section        0  USART_STM32F4xx.o(.text.USART3_Receive)
    USART3_Send                              0x08003105   Thumb Code   120  USART_STM32F4xx.o(.text.USART3_Send)
    [Anonymous Symbol]                       0x08003104   Section        0  USART_STM32F4xx.o(.text.USART3_Send)
    USART3_SetModemControl                   0x0800317d   Thumb Code    46  USART_STM32F4xx.o(.text.USART3_SetModemControl)
    [Anonymous Symbol]                       0x0800317c   Section        0  USART_STM32F4xx.o(.text.USART3_SetModemControl)
    USART3_Transfer                          0x080031ad   Thumb Code   198  USART_STM32F4xx.o(.text.USART3_Transfer)
    [Anonymous Symbol]                       0x080031ac   Section        0  USART_STM32F4xx.o(.text.USART3_Transfer)
    USART3_Uninitialize                      0x08003275   Thumb Code   108  USART_STM32F4xx.o(.text.USART3_Uninitialize)
    [Anonymous Symbol]                       0x08003274   Section        0  USART_STM32F4xx.o(.text.USART3_Uninitialize)
    [Anonymous Symbol]                       0x080032e0   Section        0  USART_STM32F4xx.o(.text.USART_IRQHandler)
    USART_PowerControl                       0x08003505   Thumb Code   230  USART_STM32F4xx.o(.text.USART_PowerControl)
    [Anonymous Symbol]                       0x08003504   Section        0  USART_STM32F4xx.o(.text.USART_PowerControl)
    USARTx_GetVersion                        0x080035ed   Thumb Code    10  USART_STM32F4xx.o(.text.USARTx_GetVersion)
    [Anonymous Symbol]                       0x080035ec   Section        0  USART_STM32F4xx.o(.text.USARTx_GetVersion)
    [Anonymous Symbol]                       0x080035f8   Section        0  stm32f4xx_it.o(.text.UsageFault_Handler)
    [Anonymous Symbol]                       0x080035fc   Section        0  stack.o(.text.checkOverflow)
    [Anonymous Symbol]                       0x08003644   Section        0  display.o(.text.clearEchoTerm)
    [Anonymous Symbol]                       0x08003650   Section        0  stack.o(.text.clearStack)
    [Anonymous Symbol]                       0x08003680   Section        0  display.o(.text.clearStdout)
    [Anonymous Symbol]                       0x0800368c   Section        0  terminal.o(.text.clearTerm)
    [Anonymous Symbol]                       0x080036b0   Section        0  stack.o(.text.duplicateTop)
    [Anonymous Symbol]                       0x0800370c   Section        0  terminal.o(.text.genTerm)
    [Anonymous Symbol]                       0x080037b8   Section        0  keypad.o(.text.getKeyPadInput)
    [Anonymous Symbol]                       0x08003c08   Section        0  display.o(.text.initDisplay)
    [Anonymous Symbol]                       0x08003ca0   Section        0  init.o(.text.initITSboard)
    [Anonymous Symbol]                       0x08003e00   Section        0  LCD_Tools.o(.text.itoa)
    [Anonymous Symbol]                       0x08003fe0   Section        0  lcd.o(.text.lcdPrintS)
    [Anonymous Symbol]                       0x0800412c   Section        0  main.o(.text.main)
    [Anonymous Symbol]                       0x080042e4   Section        0  keypad.o(.text.makeKeyPad)
    [Anonymous Symbol]                       0x080043c4   Section        0  scanner.o(.text.nextToken)
    [Anonymous Symbol]                       0x0800448c   Section        0  stack.o(.text.pop)
    [Anonymous Symbol]                       0x080044c8   Section        0  stack.o(.text.printAll)
    printButton                              0x0800455d   Thumb Code   376  keypad.o(.text.printButton)
    [Anonymous Symbol]                       0x0800455c   Section        0  keypad.o(.text.printButton)
    [Anonymous Symbol]                       0x080046d4   Section        0  terminal.o(.text.printChar)
    [Anonymous Symbol]                       0x0800475c   Section        0  LCD_Debug.o(.text.printDebugMsg)
    [Anonymous Symbol]                       0x080047fc   Section        0  display.o(.text.printStdout)
    [Anonymous Symbol]                       0x08004808   Section        0  terminal.o(.text.printTerm)
    [Anonymous Symbol]                       0x0800483c   Section        0  display.o(.text.printToEchoLine)
    [Anonymous Symbol]                       0x08004860   Section        0  stack.o(.text.printTop)
    [Anonymous Symbol]                       0x080048b4   Section        0  stack.o(.text.push)
    [Anonymous Symbol]                       0x080048f0   Section        0  display.o(.text.setErrMode)
    [Anonymous Symbol]                       0x08004910   Section        0  display.o(.text.setNormalMode)
    [Anonymous Symbol]                       0x0800492c   Section        0  terminal.o(.text.setTextColorTerm)
    [Anonymous Symbol]                       0x08004930   Section        0  stdinout_USART.o(.text.stdinout_init)
    [Anonymous Symbol]                       0x08004974   Section        0  stack.o(.text.swapTop)
    i.__0sprintf$3                           0x080049d4   Section        0  printf3.o(i.__0sprintf$3)
    i.__scatterload_copy                     0x080049fc   Section       14  handlers.o(i.__scatterload_copy)
    i.__scatterload_null                     0x08004a0a   Section        2  handlers.o(i.__scatterload_null)
    i.__scatterload_zeroinit                 0x08004a0c   Section       14  handlers.o(i.__scatterload_zeroinit)
    _printf_core                             0x08004a1d   Thumb Code   436  printf3.o(i._printf_core)
    i._printf_core                           0x08004a1c   Section        0  printf3.o(i._printf_core)
    _sputc                                   0x08004bd5   Thumb Code    10  printf3.o(i._sputc)
    i._sputc                                 0x08004bd4   Section        0  printf3.o(i._sputc)
    USART3_Resources                         0x08004c30   Data          52  USART_STM32F4xx.o(.rodata.USART3_Resources)
    USART3_rx                                0x08004c64   Data          12  USART_STM32F4xx.o(.rodata.USART3_rx)
    [Anonymous Symbol]                       0x08004c64   Section        0  USART_STM32F4xx.o(.rodata.USART3_rx)
    USART3_tx                                0x08004c70   Data          12  USART_STM32F4xx.o(.rodata.USART3_tx)
    [Anonymous Symbol]                       0x08004c70   Section        0  USART_STM32F4xx.o(.rodata.USART3_tx)
    .L.str                                   0x08004e34   Data          80  LCD_GUI.o(.rodata.str1.1)
    [Anonymous Symbol]                       0x08004e34   Section        0  LCD_GUI.o(.rodata.str1.1)
    .L.str                                   0x08004e84   Data          80  LCD_SPI.o(.rodata.str1.1)
    [Anonymous Symbol]                       0x08004e84   Section        0  LCD_SPI.o(.rodata.str1.1)
    .L.str                                   0x08004ed4   Data          80  LCD_TIM.o(.rodata.str1.1)
    [Anonymous Symbol]                       0x08004ed4   Section        0  LCD_TIM.o(.rodata.str1.1)
    .L.str                                   0x08004f24   Data          25  stack.o(.rodata.str1.1)
    [Anonymous Symbol]                       0x08004f24   Section        0  stack.o(.rodata.str1.1)
    .L.str.1                                 0x08004f3d   Data          25  stack.o(.rodata.str1.1)
    .L.str.2                                 0x08004f56   Data           4  stack.o(.rodata.str1.1)
    crd                                      0x20000014   Data           4  lcd.o(.data.crd)
    echoTerm                                 0x20000018   Data          24  display.o(.data.echoTerm)
    fontHeight                               0x20000030   Data           4  lcd.o(.data.fontHeight)
    fontWidth                                0x20000034   Data           4  lcd.o(.data.fontWidth)
    lcdFont                                  0x20000038   Data           4  lcd.o(.data.lcdFont)
    lcdmaxx                                  0x2000003c   Data           4  lcd.o(.data.lcdmaxx)
    lcdmaxy                                  0x20000040   Data           4  lcd.o(.data.lcdmaxy)
    nextToken.c                              0x20000044   Data           1  scanner.o(.data.nextToken.c)
    save_restore_AltFn_SPI1_MOSI_Pin.saved_AF 0x20000048   Data           4  LCD_SPI.o(.data.save_restore_AltFn_SPI1_MOSI_Pin.saved_AF)
    stdoutTerm                               0x2000004c   Data          24  display.o(.data.stdoutTerm)
    USART3_Info                              0x200000b8   Data          20  USART_STM32F4xx.o(.bss.USART3_Info)
    [Anonymous Symbol]                       0x200000b8   Section        0  USART_STM32F4xx.o(.bss.USART3_Info)
    USART3_TransferInfo                      0x200000cc   Data          36  USART_STM32F4xx.o(.bss.USART3_TransferInfo)
    [Anonymous Symbol]                       0x200000cc   Section        0  USART_STM32F4xx.o(.bss.USART3_TransferInfo)
    htim4                                    0x200000f0   Data          64  LCD_TIM.o(.bss.htim4)
    sTP_DEV                                  0x20000130   Data          24  LCD_Touch.o(.bss.sTP_DEV)
    stack                                    0x20000148   Data         100  stack.o(.bss.stack)
    top                                      0x200001ac   Data           4  stack.o(.bss.top)
    STACK                                    0x200001b8   Section     1024  startup_stm32f429xx.o(STACK)

    Global Symbols

    Symbol Name                              Value     Ov Type        Size  Object(Section)

    BuildAttributes$$THM_ISAv4$E$P$D$K$B$S$7EM$VFPi3$EXTD16$VFPS$VFMA$PE$A:L22UL41UL21$X:L11$S22US41US21$IEEE1$IW$~IW$USESV6$~STKCKD$USESV7$~SHL$OTIME$ROPI$IEEEJ$EBA8$MICROLIB$REQ8$PRES8$EABIv2 0x00000000   Number         0  anon$$obj.o ABSOLUTE
    _printf_a                                0x00000000   Number         0  printfstubs.o ABSOLUTE
    _printf_c                                0x00000000   Number         0  printfstubs.o ABSOLUTE
    _printf_charcount                        0x00000000   Number         0  printfstubs.o ABSOLUTE
    _printf_d                                0x00000000   Number         0  printfstubs.o ABSOLUTE
    _printf_e                                0x00000000   Number         0  printfstubs.o ABSOLUTE
    _printf_f                                0x00000000   Number         0  printfstubs.o ABSOLUTE
    _printf_flags                            0x00000000   Number         0  printfstubs.o ABSOLUTE
    _printf_fp_dec                           0x00000000   Number         0  printfstubs.o ABSOLUTE
    _printf_fp_hex                           0x00000000   Number         0  printfstubs.o ABSOLUTE
    _printf_g                                0x00000000   Number         0  printfstubs.o ABSOLUTE
    _printf_i                                0x00000000   Number         0  printfstubs.o ABSOLUTE
    _printf_int_dec                          0x00000000   Number         0  printfstubs.o ABSOLUTE
    _printf_l                                0x00000000   Number         0  printfstubs.o ABSOLUTE
    _printf_lc                               0x00000000   Number         0  printfstubs.o ABSOLUTE
    _printf_ll                               0x00000000   Number         0  printfstubs.o ABSOLUTE
    _printf_lld                              0x00000000   Number         0  printfstubs.o ABSOLUTE
    _printf_lli                              0x00000000   Number         0  printfstubs.o ABSOLUTE
    _printf_llo                              0x00000000   Number         0  printfstubs.o ABSOLUTE
    _printf_llu                              0x00000000   Number         0  printfstubs.o ABSOLUTE
    _printf_llx                              0x00000000   Number         0  printfstubs.o ABSOLUTE
    _printf_longlong_dec                     0x00000000   Number         0  printfstubs.o ABSOLUTE
    _printf_longlong_hex                     0x00000000   Number         0  printfstubs.o ABSOLUTE
    _printf_longlong_oct                     0x00000000   Number         0  printfstubs.o ABSOLUTE
    _printf_ls                               0x00000000   Number         0  printfstubs.o ABSOLUTE
    _printf_mbtowc                           0x00000000   Number         0  printfstubs.o ABSOLUTE
    _printf_n                                0x00000000   Number         0  printfstubs.o ABSOLUTE
    _printf_o                                0x00000000   Number         0  printfstubs.o ABSOLUTE
    _printf_p                                0x00000000   Number         0  printfstubs.o ABSOLUTE
    _printf_percent                          0x00000000   Number         0  printfstubs.o ABSOLUTE
    _printf_pre_padding                      0x00000000   Number         0  printfstubs.o ABSOLUTE
    _printf_return_value                     0x00000000   Number         0  printfstubs.o ABSOLUTE
    _printf_s                                0x00000000   Number         0  printfstubs.o ABSOLUTE
    _printf_sizespec                         0x00000000   Number         0  printfstubs.o ABSOLUTE
    _printf_str                              0x00000000   Number         0  printfstubs.o ABSOLUTE
    _printf_truncate_signed                  0x00000000   Number         0  printfstubs.o ABSOLUTE
    _printf_truncate_unsigned                0x00000000   Number         0  printfstubs.o ABSOLUTE
    _printf_u                                0x00000000   Number         0  printfstubs.o ABSOLUTE
    _printf_wc                               0x00000000   Number         0  printfstubs.o ABSOLUTE
    _printf_wctomb                           0x00000000   Number         0  printfstubs.o ABSOLUTE
    _printf_widthprec                        0x00000000   Number         0  printfstubs.o ABSOLUTE
    _printf_x                                0x00000000   Number         0  printfstubs.o ABSOLUTE
    __cpp_initialize__aeabi_                  - Undefined Weak Reference
    __cxa_finalize                            - Undefined Weak Reference
    __decompress                              - Undefined Weak Reference
    _clock_init                               - Undefined Weak Reference
    _microlib_exit                            - Undefined Weak Reference
    __Vectors_Size                           0x000001ac   Number         0  startup_stm32f429xx.o ABSOLUTE
    __Vectors                                0x08000000   Data           4  startup_stm32f429xx.o(RESET)
    __Vectors_End                            0x080001ac   Data           0  startup_stm32f429xx.o(RESET)
    __main                                   0x080001ad   Thumb Code     0  entry.o(.ARM.Collect$$$$00000000)
    _main_stk                                0x080001ad   Thumb Code     0  entry2.o(.ARM.Collect$$$$00000001)
    _main_scatterload                        0x080001b1   Thumb Code     0  entry5.o(.ARM.Collect$$$$00000004)
    __main_after_scatterload                 0x080001b5   Thumb Code     0  entry5.o(.ARM.Collect$$$$00000004)
    _main_clock                              0x080001b5   Thumb Code     0  entry7b.o(.ARM.Collect$$$$00000008)
    _main_cpp_init                           0x080001b5   Thumb Code     0  entry8b.o(.ARM.Collect$$$$0000000A)
    _main_init                               0x080001b5   Thumb Code     0  entry9a.o(.ARM.Collect$$$$0000000B)
    __rt_final_cpp                           0x080001bd   Thumb Code     0  entry10a.o(.ARM.Collect$$$$0000000D)
    __rt_final_exit                          0x080001bd   Thumb Code     0  entry11a.o(.ARM.Collect$$$$0000000F)
    Reset_Handler                            0x080001c1   Thumb Code     8  startup_stm32f429xx.o(.text)
    ADC_IRQHandler                           0x080001db   Thumb Code     0  startup_stm32f429xx.o(.text)
    CAN1_RX0_IRQHandler                      0x080001db   Thumb Code     0  startup_stm32f429xx.o(.text)
    CAN1_RX1_IRQHandler                      0x080001db   Thumb Code     0  startup_stm32f429xx.o(.text)
    CAN1_SCE_IRQHandler                      0x080001db   Thumb Code     0  startup_stm32f429xx.o(.text)
    CAN1_TX_IRQHandler                       0x080001db   Thumb Code     0  startup_stm32f429xx.o(.text)
    CAN2_RX0_IRQHandler                      0x080001db   Thumb Code     0  startup_stm32f429xx.o(.text)
    CAN2_RX1_IRQHandler                      0x080001db   Thumb Code     0  startup_stm32f429xx.o(.text)
    CAN2_SCE_IRQHandler                      0x080001db   Thumb Code     0  startup_stm32f429xx.o(.text)
    CAN2_TX_IRQHandler                       0x080001db   Thumb Code     0  startup_stm32f429xx.o(.text)
    DCMI_IRQHandler                          0x080001db   Thumb Code     0  startup_stm32f429xx.o(.text)
    DMA1_Stream0_IRQHandler                  0x080001db   Thumb Code     0  startup_stm32f429xx.o(.text)
    DMA1_Stream1_IRQHandler                  0x080001db   Thumb Code     0  startup_stm32f429xx.o(.text)
    DMA1_Stream2_IRQHandler                  0x080001db   Thumb Code     0  startup_stm32f429xx.o(.text)
    DMA1_Stream3_IRQHandler                  0x080001db   Thumb Code     0  startup_stm32f429xx.o(.text)
    DMA1_Stream4_IRQHandler                  0x080001db   Thumb Code     0  startup_stm32f429xx.o(.text)
    DMA1_Stream5_IRQHandler                  0x080001db   Thumb Code     0  startup_stm32f429xx.o(.text)
    DMA1_Stream6_IRQHandler                  0x080001db   Thumb Code     0  startup_stm32f429xx.o(.text)
    DMA1_Stream7_IRQHandler                  0x080001db   Thumb Code     0  startup_stm32f429xx.o(.text)
    DMA2D_IRQHandler                         0x080001db   Thumb Code     0  startup_stm32f429xx.o(.text)
    DMA2_Stream0_IRQHandler                  0x080001db   Thumb Code     0  startup_stm32f429xx.o(.text)
    DMA2_Stream1_IRQHandler                  0x080001db   Thumb Code     0  startup_stm32f429xx.o(.text)
    DMA2_Stream2_IRQHandler                  0x080001db   Thumb Code     0  startup_stm32f429xx.o(.text)
    DMA2_Stream3_IRQHandler                  0x080001db   Thumb Code     0  startup_stm32f429xx.o(.text)
    DMA2_Stream4_IRQHandler                  0x080001db   Thumb Code     0  startup_stm32f429xx.o(.text)
    DMA2_Stream5_IRQHandler                  0x080001db   Thumb Code     0  startup_stm32f429xx.o(.text)
    DMA2_Stream6_IRQHandler                  0x080001db   Thumb Code     0  startup_stm32f429xx.o(.text)
    DMA2_Stream7_IRQHandler                  0x080001db   Thumb Code     0  startup_stm32f429xx.o(.text)
    ETH_WKUP_IRQHandler                      0x080001db   Thumb Code     0  startup_stm32f429xx.o(.text)
    EXTI0_IRQHandler                         0x080001db   Thumb Code     0  startup_stm32f429xx.o(.text)
    EXTI15_10_IRQHandler                     0x080001db   Thumb Code     0  startup_stm32f429xx.o(.text)
    EXTI1_IRQHandler                         0x080001db   Thumb Code     0  startup_stm32f429xx.o(.text)
    EXTI2_IRQHandler                         0x080001db   Thumb Code     0  startup_stm32f429xx.o(.text)
    EXTI3_IRQHandler                         0x080001db   Thumb Code     0  startup_stm32f429xx.o(.text)
    EXTI4_IRQHandler                         0x080001db   Thumb Code     0  startup_stm32f429xx.o(.text)
    EXTI9_5_IRQHandler                       0x080001db   Thumb Code     0  startup_stm32f429xx.o(.text)
    FLASH_IRQHandler                         0x080001db   Thumb Code     0  startup_stm32f429xx.o(.text)
    FMC_IRQHandler                           0x080001db   Thumb Code     0  startup_stm32f429xx.o(.text)
    FPU_IRQHandler                           0x080001db   Thumb Code     0  startup_stm32f429xx.o(.text)
    HASH_RNG_IRQHandler                      0x080001db   Thumb Code     0  startup_stm32f429xx.o(.text)
    I2C1_ER_IRQHandler                       0x080001db   Thumb Code     0  startup_stm32f429xx.o(.text)
    I2C1_EV_IRQHandler                       0x080001db   Thumb Code     0  startup_stm32f429xx.o(.text)
    I2C2_ER_IRQHandler                       0x080001db   Thumb Code     0  startup_stm32f429xx.o(.text)
    I2C2_EV_IRQHandler                       0x080001db   Thumb Code     0  startup_stm32f429xx.o(.text)
    I2C3_ER_IRQHandler                       0x080001db   Thumb Code     0  startup_stm32f429xx.o(.text)
    I2C3_EV_IRQHandler                       0x080001db   Thumb Code     0  startup_stm32f429xx.o(.text)
    LTDC_ER_IRQHandler                       0x080001db   Thumb Code     0  startup_stm32f429xx.o(.text)
    LTDC_IRQHandler                          0x080001db   Thumb Code     0  startup_stm32f429xx.o(.text)
    OTG_FS_IRQHandler                        0x080001db   Thumb Code     0  startup_stm32f429xx.o(.text)
    OTG_FS_WKUP_IRQHandler                   0x080001db   Thumb Code     0  startup_stm32f429xx.o(.text)
    OTG_HS_EP1_IN_IRQHandler                 0x080001db   Thumb Code     0  startup_stm32f429xx.o(.text)
    OTG_HS_EP1_OUT_IRQHandler                0x080001db   Thumb Code     0  startup_stm32f429xx.o(.text)
    OTG_HS_IRQHandler                        0x080001db   Thumb Code     0  startup_stm32f429xx.o(.text)
    OTG_HS_WKUP_IRQHandler                   0x080001db   Thumb Code     0  startup_stm32f429xx.o(.text)
    PVD_IRQHandler                           0x080001db   Thumb Code     0  startup_stm32f429xx.o(.text)
    RCC_IRQHandler                           0x080001db   Thumb Code     0  startup_stm32f429xx.o(.text)
    RTC_Alarm_IRQHandler                     0x080001db   Thumb Code     0  startup_stm32f429xx.o(.text)
    RTC_WKUP_IRQHandler                      0x080001db   Thumb Code     0  startup_stm32f429xx.o(.text)
    SAI1_IRQHandler                          0x080001db   Thumb Code     0  startup_stm32f429xx.o(.text)
    SDIO_IRQHandler                          0x080001db   Thumb Code     0  startup_stm32f429xx.o(.text)
    SPI1_IRQHandler                          0x080001db   Thumb Code     0  startup_stm32f429xx.o(.text)
    SPI2_IRQHandler                          0x080001db   Thumb Code     0  startup_stm32f429xx.o(.text)
    SPI3_IRQHandler                          0x080001db   Thumb Code     0  startup_stm32f429xx.o(.text)
    SPI4_IRQHandler                          0x080001db   Thumb Code     0  startup_stm32f429xx.o(.text)
    SPI5_IRQHandler                          0x080001db   Thumb Code     0  startup_stm32f429xx.o(.text)
    SPI6_IRQHandler                          0x080001db   Thumb Code     0  startup_stm32f429xx.o(.text)
    TAMP_STAMP_IRQHandler                    0x080001db   Thumb Code     0  startup_stm32f429xx.o(.text)
    TIM1_BRK_TIM9_IRQHandler                 0x080001db   Thumb Code     0  startup_stm32f429xx.o(.text)
    TIM1_CC_IRQHandler                       0x080001db   Thumb Code     0  startup_stm32f429xx.o(.text)
    TIM1_TRG_COM_TIM11_IRQHandler            0x080001db   Thumb Code     0  startup_stm32f429xx.o(.text)
    TIM1_UP_TIM10_IRQHandler                 0x080001db   Thumb Code     0  startup_stm32f429xx.o(.text)
    TIM2_IRQHandler                          0x080001db   Thumb Code     0  startup_stm32f429xx.o(.text)
    TIM3_IRQHandler                          0x080001db   Thumb Code     0  startup_stm32f429xx.o(.text)
    TIM4_IRQHandler                          0x080001db   Thumb Code     0  startup_stm32f429xx.o(.text)
    TIM5_IRQHandler                          0x080001db   Thumb Code     0  startup_stm32f429xx.o(.text)
    TIM6_DAC_IRQHandler                      0x080001db   Thumb Code     0  startup_stm32f429xx.o(.text)
    TIM7_IRQHandler                          0x080001db   Thumb Code     0  startup_stm32f429xx.o(.text)
    TIM8_BRK_TIM12_IRQHandler                0x080001db   Thumb Code     0  startup_stm32f429xx.o(.text)
    TIM8_CC_IRQHandler                       0x080001db   Thumb Code     0  startup_stm32f429xx.o(.text)
    TIM8_TRG_COM_TIM14_IRQHandler            0x080001db   Thumb Code     0  startup_stm32f429xx.o(.text)
    TIM8_UP_TIM13_IRQHandler                 0x080001db   Thumb Code     0  startup_stm32f429xx.o(.text)
    UART4_IRQHandler                         0x080001db   Thumb Code     0  startup_stm32f429xx.o(.text)
    UART5_IRQHandler                         0x080001db   Thumb Code     0  startup_stm32f429xx.o(.text)
    UART7_IRQHandler                         0x080001db   Thumb Code     0  startup_stm32f429xx.o(.text)
    UART8_IRQHandler                         0x080001db   Thumb Code     0  startup_stm32f429xx.o(.text)
    USART1_IRQHandler                        0x080001db   Thumb Code     0  startup_stm32f429xx.o(.text)
    USART2_IRQHandler                        0x080001db   Thumb Code     0  startup_stm32f429xx.o(.text)
    USART6_IRQHandler                        0x080001db   Thumb Code     0  startup_stm32f429xx.o(.text)
    WWDG_IRQHandler                          0x080001db   Thumb Code     0  startup_stm32f429xx.o(.text)
    __aeabi_uldivmod                         0x080001e5   Thumb Code    98  uldiv.o(.text)
    __aeabi_memcpy                           0x08000247   Thumb Code    36  memcpya.o(.text)
    __aeabi_memcpy4                          0x08000247   Thumb Code     0  memcpya.o(.text)
    __aeabi_memcpy8                          0x08000247   Thumb Code     0  memcpya.o(.text)
    __aeabi_memset                           0x0800026b   Thumb Code    14  memseta.o(.text)
    __aeabi_memset4                          0x0800026b   Thumb Code     0  memseta.o(.text)
    __aeabi_memset8                          0x0800026b   Thumb Code     0  memseta.o(.text)
    __aeabi_memclr                           0x08000279   Thumb Code     4  memseta.o(.text)
    __aeabi_memclr4                          0x08000279   Thumb Code     0  memseta.o(.text)
    __aeabi_memclr8                          0x08000279   Thumb Code     0  memseta.o(.text)
    _memset$wrapper                          0x0800027d   Thumb Code    18  memseta.o(.text)
    strlen                                   0x0800028f   Thumb Code    14  strlen.o(.text)
    __aeabi_uidiv                            0x0800029d   Thumb Code     0  uidiv.o(.text)
    __aeabi_uidivmod                         0x0800029d   Thumb Code    44  uidiv.o(.text)
    __aeabi_llsl                             0x080002c9   Thumb Code    30  llshl.o(.text)
    _ll_shift_l                              0x080002c9   Thumb Code     0  llshl.o(.text)
    __aeabi_llsr                             0x080002e7   Thumb Code    32  llushr.o(.text)
    _ll_ushift_r                             0x080002e7   Thumb Code     0  llushr.o(.text)
    __scatterload                            0x08000309   Thumb Code    38  init.o(.text)
    __scatterload_rt2                        0x08000309   Thumb Code     0  init.o(.text)
    BusFault_Handler                         0x08000339   Thumb Code     2  stm32f4xx_it.o(.text.BusFault_Handler)
    DebugMon_Handler                         0x0800033d   Thumb Code     2  stm32f4xx_it.o(.text.DebugMon_Handler)
    Driver_Delay_ms                          0x08000341   Thumb Code     4  LCD_Tools.o(.text.Driver_Delay_ms)
    Driver_Delay_us                          0x08000345   Thumb Code     2  LCD_Tools.o(.text.Driver_Delay_us)
    ETH_IRQHandler                           0x08000349   Thumb Code    12  stm32f4xx_it.o(.text.ETH_IRQHandler)
    Error_Handler                            0x08000355   Thumb Code   232  error.o(.text.Error_Handler)
    GPIO_Init                                0x0800043d   Thumb Code   316  LCD_GPIO.o(.text.GPIO_Init)
    GUI_clear                                0x08000579   Thumb Code     4  LCD_GUI.o(.text.GUI_clear)
    GUI_disChar                              0x0800057d   Thumb Code   136  LCD_GUI.o(.text.GUI_disChar)
    GUI_disNum                               0x08000605   Thumb Code    84  LCD_GUI.o(.text.GUI_disNum)
    GUI_disStr                               0x08000659   Thumb Code   276  LCD_GUI.o(.text.GUI_disStr)
    GUI_drawPoint                            0x0800076d   Thumb Code   100  LCD_GUI.o(.text.GUI_drawPoint)
    GUI_drawRectangle                        0x080007d1   Thumb Code   198  LCD_GUI.o(.text.GUI_drawRectangle)
    GUI_init                                 0x08000899   Thumb Code    18  LCD_GUI.o(.text.GUI_init)
    HAL_Delay                                0x080008ad   Thumb Code    40  stm32f4xx_hal.o(.text.HAL_Delay)
    HAL_ETH_ErrorCallback                    0x080008d5   Thumb Code     2  stm32f4xx_hal_eth.o(.text.HAL_ETH_ErrorCallback)
    HAL_ETH_IRQHandler                       0x080008d9   Thumb Code   108  stm32f4xx_hal_eth.o(.text.HAL_ETH_IRQHandler)
    HAL_ETH_RxCpltCallback                   0x08000945   Thumb Code     2  stm32f4xx_hal_eth.o(.text.HAL_ETH_RxCpltCallback)
    HAL_ETH_TxCpltCallback                   0x08000949   Thumb Code     2  stm32f4xx_hal_eth.o(.text.HAL_ETH_TxCpltCallback)
    HAL_GPIO_DeInit                          0x0800094d   Thumb Code   446  stm32f4xx_hal_gpio.o(.text.HAL_GPIO_DeInit)
    HAL_GPIO_Init                            0x08000b0d   Thumb Code   468  stm32f4xx_hal_gpio.o(.text.HAL_GPIO_Init)
    HAL_GPIO_ReadPin                         0x08000ce1   Thumb Code    10  stm32f4xx_hal_gpio.o(.text.HAL_GPIO_ReadPin)
    HAL_GPIO_TogglePin                       0x08000ced   Thumb Code    14  stm32f4xx_hal_gpio.o(.text.HAL_GPIO_TogglePin)
    HAL_GPIO_WritePin                        0x08000cfd   Thumb Code    10  stm32f4xx_hal_gpio.o(.text.HAL_GPIO_WritePin)
    HAL_GetTick                              0x08000d09   Thumb Code    12  stm32f4xx_hal.o(.text.HAL_GetTick)
    HAL_IncTick                              0x08000d15   Thumb Code    26  stm32f4xx_hal.o(.text.HAL_IncTick)
    HAL_Init                                 0x08000d31   Thumb Code    46  stm32f4xx_hal.o(.text.HAL_Init)
    HAL_InitTick                             0x08000d61   Thumb Code    80  stm32f4xx_hal.o(.text.HAL_InitTick)
    HAL_MspInit                              0x08000db1   Thumb Code     2  stm32f4xx_hal.o(.text.HAL_MspInit)
    HAL_NVIC_DisableIRQ                      0x08000db5   Thumb Code    42  stm32f4xx_hal_cortex.o(.text.HAL_NVIC_DisableIRQ)
    HAL_NVIC_SetPriority                     0x08000de1   Thumb Code    86  stm32f4xx_hal_cortex.o(.text.HAL_NVIC_SetPriority)
    HAL_NVIC_SetPriorityGrouping             0x08000e39   Thumb Code    32  stm32f4xx_hal_cortex.o(.text.HAL_NVIC_SetPriorityGrouping)
    HAL_PWREx_EnableOverDrive                0x08000e59   Thumb Code   122  stm32f4xx_hal_pwr_ex.o(.text.HAL_PWREx_EnableOverDrive)
    HAL_RCC_ClockConfig                      0x08000ed5   Thumb Code   352  stm32f4xx_hal_rcc.o(.text.HAL_RCC_ClockConfig)
    HAL_RCC_GetPCLK1Freq                     0x08001035   Thumb Code    38  stm32f4xx_hal_rcc.o(.text.HAL_RCC_GetPCLK1Freq)
    HAL_RCC_GetSysClockFreq                  0x0800105d   Thumb Code   106  stm32f4xx_hal_rcc.o(.text.HAL_RCC_GetSysClockFreq)
    HAL_RCC_OscConfig                        0x080010c9   Thumb Code   864  stm32f4xx_hal_rcc.o(.text.HAL_RCC_OscConfig)
    HAL_SYSTICK_Config                       0x08001429   Thumb Code    44  stm32f4xx_hal_cortex.o(.text.HAL_SYSTICK_Config)
    HAL_TIMEx_MasterConfigSynchronization    0x08001455   Thumb Code   182  stm32f4xx_hal_tim_ex.o(.text.HAL_TIMEx_MasterConfigSynchronization)
    HAL_TIM_PWM_ConfigChannel                0x0800150d   Thumb Code   538  stm32f4xx_hal_tim.o(.text.HAL_TIM_PWM_ConfigChannel)
    HAL_TIM_PWM_Init                         0x08001729   Thumb Code    54  stm32f4xx_hal_tim.o(.text.HAL_TIM_PWM_Init)
    HAL_TIM_PWM_MspInit                      0x08001761   Thumb Code    52  LCD_TIM.o(.text.HAL_TIM_PWM_MspInit)
    HAL_TIM_PWM_Start                        0x08001795   Thumb Code    76  stm32f4xx_hal_tim.o(.text.HAL_TIM_PWM_Start)
    HardFault_Handler                        0x080017e1   Thumb Code     2  stm32f4xx_it.o(.text.HardFault_Handler)
    LCDErrHandler                            0x080017e5   Thumb Code   122  LCD_Tools.o(.text.LCDErrHandler)
    LCD_clear                                0x08001861   Thumb Code    16  LCD_Driver.o(.text.LCD_clear)
    LCD_fillRectangleBW                      0x08001871   Thumb Code   308  LCD_Driver.o(.text.LCD_fillRectangleBW)
    LCD_fillRectangleMC                      0x080019a5   Thumb Code   208  LCD_Driver.o(.text.LCD_fillRectangleMC)
    LCD_init                                 0x08001a75   Thumb Code   578  LCD_Driver.o(.text.LCD_init)
    MemManage_Handler                        0x08001eb5   Thumb Code     2  stm32f4xx_it.o(.text.MemManage_Handler)
    NMI_Handler                              0x08001eb9   Thumb Code     2  stm32f4xx_it.o(.text.NMI_Handler)
    PWM_SetValue                             0x08001ebd   Thumb Code    46  LCD_TIM.o(.text.PWM_SetValue)
    PendSV_Handler                           0x08001eed   Thumb Code     2  stm32f4xx_it.o(.text.PendSV_Handler)
    SPI4W_Read_Byte                          0x08001ef1   Thumb Code     6  LCD_SPI.o(.text.SPI4W_Read_Byte)
    SPI4W_Write_Byte                         0x08001ef9   Thumb Code   286  LCD_SPI.o(.text.SPI4W_Write_Byte)
    SPIinit                                  0x08002019   Thumb Code   198  LCD_SPI.o(.text.SPIinit)
    SPIsetLCDSpeed                           0x080020e1   Thumb Code    44  LCD_SPI.o(.text.SPIsetLCDSpeed)
    SPIsetTPSpeed                            0x0800210d   Thumb Code    70  LCD_SPI.o(.text.SPIsetTPSpeed)
    SVC_Handler                              0x08002155   Thumb Code     2  stm32f4xx_it.o(.text.SVC_Handler)
    SysTick_Handler                          0x08002159   Thumb Code     4  stm32f4xx_it.o(.text.SysTick_Handler)
    SystemInit                               0x0800215d   Thumb Code    86  system_stm32f4xx.o(.text.SystemInit)
    TIM4_Init                                0x080021b5   Thumb Code   184  LCD_TIM.o(.text.TIM4_Init)
    TIM_Base_SetConfig                       0x0800226d   Thumb Code   292  stm32f4xx_hal_tim.o(.text.TIM_Base_SetConfig)
    TP_InitBasic                             0x08002391   Thumb Code    74  LCD_Touch.o(.text.TP_InitBasic)
    TP_get                                   0x080025a9   Thumb Code    12  LCD_Touch.o(.text.TP_get)
    TP_pressed                               0x080025b5   Thumb Code   300  LCD_Touch.o(.text.TP_pressed)
    USART3_IRQHandler                        0x08002fd5   Thumb Code    12  USART_STM32F4xx.o(.text.USART3_IRQHandler)
    USART_IRQHandler                         0x080032e1   Thumb Code   548  USART_STM32F4xx.o(.text.USART_IRQHandler)
    UsageFault_Handler                       0x080035f9   Thumb Code     2  stm32f4xx_it.o(.text.UsageFault_Handler)
    checkOverflow                            0x080035fd   Thumb Code    36  stack.o(.text.checkOverflow)
    clearEchoTerm                            0x08003645   Thumb Code    12  display.o(.text.clearEchoTerm)
    clearStack                               0x08003651   Thumb Code    46  stack.o(.text.clearStack)
    clearStdout                              0x08003681   Thumb Code    12  display.o(.text.clearStdout)
    clearTerm                                0x0800368d   Thumb Code    34  terminal.o(.text.clearTerm)
    duplicateTop                             0x080036b1   Thumb Code    90  stack.o(.text.duplicateTop)
    genTerm                                  0x0800370d   Thumb Code   132  terminal.o(.text.genTerm)
    getKeyPadInput                           0x080037b9   Thumb Code  1102  keypad.o(.text.getKeyPadInput)
    initDisplay                              0x08003c09   Thumb Code   152  display.o(.text.initDisplay)
    initITSboard                             0x08003ca1   Thumb Code   352  init.o(.text.initITSboard)
    itoa                                     0x08003e01   Thumb Code   478  LCD_Tools.o(.text.itoa)
    lcdPrintS                                0x08003fe1   Thumb Code   332  lcd.o(.text.lcdPrintS)
    main                                     0x0800412d   Thumb Code   356  main.o(.text.main)
    makeKeyPad                               0x080042e5   Thumb Code   224  keypad.o(.text.makeKeyPad)
    nextToken                                0x080043c5   Thumb Code   200  scanner.o(.text.nextToken)
    pop                                      0x0800448d   Thumb Code    58  stack.o(.text.pop)
    printAll                                 0x080044c9   Thumb Code   112  stack.o(.text.printAll)
    printChar                                0x080046d5   Thumb Code   134  terminal.o(.text.printChar)
    printDebugMsg                            0x0800475d   Thumb Code   128  LCD_Debug.o(.text.printDebugMsg)
    printStdout                              0x080047fd   Thumb Code    12  display.o(.text.printStdout)
    printTerm                                0x08004809   Thumb Code    50  terminal.o(.text.printTerm)
    printToEchoLine                          0x0800483d   Thumb Code    34  display.o(.text.printToEchoLine)
    printTop                                 0x08004861   Thumb Code    84  stack.o(.text.printTop)
    push                                     0x080048b5   Thumb Code    58  stack.o(.text.push)
    setErrMode                               0x080048f1   Thumb Code    30  display.o(.text.setErrMode)
    setNormalMode                            0x08004911   Thumb Code    28  display.o(.text.setNormalMode)
    setTextColorTerm                         0x0800492d   Thumb Code     4  terminal.o(.text.setTextColorTerm)
    stdinout_init                            0x08004931   Thumb Code    68  stdinout_USART.o(.text.stdinout_init)
    swapTop                                  0x08004975   Thumb Code    56  stack.o(.text.swapTop)
    __0sprintf$3                             0x080049d5   Thumb Code    34  printf3.o(i.__0sprintf$3)
    __1sprintf$3                             0x080049d5   Thumb Code     0  printf3.o(i.__0sprintf$3)
    __2sprintf                               0x080049d5   Thumb Code     0  printf3.o(i.__0sprintf$3)
    __scatterload_copy                       0x080049fd   Thumb Code    14  handlers.o(i.__scatterload_copy)
    __scatterload_null                       0x08004a0b   Thumb Code     2  handlers.o(i.__scatterload_null)
    __scatterload_zeroinit                   0x08004a0d   Thumb Code    14  handlers.o(i.__scatterload_zeroinit)
    AHBPrescTable                            0x08004bde   Data          16  system_stm32f4xx.o(.rodata.AHBPrescTable)
    APBPrescTable                            0x08004bee   Data           8  system_stm32f4xx.o(.rodata.APBPrescTable)
    Driver_USART3                            0x08004bf8   Data          56  USART_STM32F4xx.o(.rodata.Driver_USART3)
    initCmds                                 0x08004c7c   Data         103  LCD_Driver.o(.rodata.initCmds)
    keypad                                   0x08004ce4   Data         336  keypad.o(.rodata.keypad)
    Region$$Table$$Base                      0x08004f5c   Number         0  anon$$obj.o(Region$$Table)
    Region$$Table$$Limit                     0x08004f7c   Number         0  anon$$obj.o(Region$$Table)
    Consolas40FLASH                          0x20000000   Data           8  fontsFLASH.o(.data.Consolas40FLASH)
    Font16FLASH                              0x20000008   Data           8  fontsFLASH.o(.data.Font16FLASH)
    SystemCoreClock                          0x20000010   Data           4  system_stm32f4xx.o(.data.SystemCoreClock)
    uwTickFreq                               0x20000064   Data           1  stm32f4xx_hal.o(.data.uwTickFreq)
    uwTickPrio                               0x20000068   Data           4  stm32f4xx_hal.o(.data.uwTickPrio)
    EthHandle                                0x20000070   Data          72  stm32f4xx_it.o(.bss.EthHandle)
    uwTick                                   0x200001b0   Data           4  stm32f4xx_hal.o(.bss.uwTick)
    __initial_sp                             0x200005b8   Data           0  startup_stm32f429xx.o(STACK)



==============================================================================

Memory Map of the image

  Image Entry point : 0x080001c1

  Load Region LR_IROM1 (Base: 0x08000000, Size: 0x00004ff0, Max: 0x00200000, ABSOLUTE)

    Execution Region ER_IROM1 (Exec base: 0x08000000, Load base: 0x08000000, Size: 0x00004f7c, Max: 0x00200000, ABSOLUTE)

    Exec Addr    Load Addr    Size         Type   Attr      Idx    E Section Name        Object

    0x08000000   0x08000000   0x000001ac   Data   RO           50    RESET               startup_stm32f429xx.o
    0x080001ac   0x080001ac   0x00000000   Code   RO         1179  * .ARM.Collect$$$$00000000  mc_w.l(entry.o)
    0x080001ac   0x080001ac   0x00000004   Code   RO         1461    .ARM.Collect$$$$00000001  mc_w.l(entry2.o)
    0x080001b0   0x080001b0   0x00000004   Code   RO         1464    .ARM.Collect$$$$00000004  mc_w.l(entry5.o)
    0x080001b4   0x080001b4   0x00000000   Code   RO         1466    .ARM.Collect$$$$00000008  mc_w.l(entry7b.o)
    0x080001b4   0x080001b4   0x00000000   Code   RO         1468    .ARM.Collect$$$$0000000A  mc_w.l(entry8b.o)
    0x080001b4   0x080001b4   0x00000008   Code   RO         1469    .ARM.Collect$$$$0000000B  mc_w.l(entry9a.o)
    0x080001bc   0x080001bc   0x00000000   Code   RO         1471    .ARM.Collect$$$$0000000D  mc_w.l(entry10a.o)
    0x080001bc   0x080001bc   0x00000000   Code   RO         1473    .ARM.Collect$$$$0000000F  mc_w.l(entry11a.o)
    0x080001bc   0x080001bc   0x00000004   Code   RO         1462    .ARM.Collect$$$$00002712  mc_w.l(entry2.o)
    0x080001c0   0x080001c0   0x00000024   Code   RO           51  * .text               startup_stm32f429xx.o
    0x080001e4   0x080001e4   0x00000062   Code   RO         1186    .text               mc_w.l(uldiv.o)
    0x08000246   0x08000246   0x00000024   Code   RO         1188    .text               mc_w.l(memcpya.o)
    0x0800026a   0x0800026a   0x00000024   Code   RO         1190    .text               mc_w.l(memseta.o)
    0x0800028e   0x0800028e   0x0000000e   Code   RO         1192    .text               mc_w.l(strlen.o)
    0x0800029c   0x0800029c   0x0000002c   Code   RO         1489    .text               mc_w.l(uidiv.o)
    0x080002c8   0x080002c8   0x0000001e   Code   RO         1491    .text               mc_w.l(llshl.o)
    0x080002e6   0x080002e6   0x00000020   Code   RO         1493    .text               mc_w.l(llushr.o)
    0x08000306   0x08000306   0x00000002   PAD
    0x08000308   0x08000308   0x00000030   Code   RO         1517    .text               mc_w.l(init.o)
    0x08000338   0x08000338   0x00000002   Code   RO           69    .text.BusFault_Handler  stm32f4xx_it.o
    0x0800033a   0x0800033a   0x00000002   PAD
    0x0800033c   0x0800033c   0x00000002   Code   RO           75    .text.DebugMon_Handler  stm32f4xx_it.o
    0x0800033e   0x0800033e   0x00000002   PAD
    0x08000340   0x08000340   0x00000004   Code   RO          964    .text.Driver_Delay_ms  LCD_Tools.o
    0x08000344   0x08000344   0x00000002   Code   RO          966    .text.Driver_Delay_us  LCD_Tools.o
    0x08000346   0x08000346   0x00000002   PAD
    0x08000348   0x08000348   0x0000000c   Code   RO           81    .text.ETH_IRQHandler  stm32f4xx_it.o
    0x08000354   0x08000354   0x000000e8   Code   RO         1003    .text.Error_Handler  error.o
    0x0800043c   0x0800043c   0x0000013c   Code   RO          948    .text.GPIO_Init     LCD_GPIO.o
    0x08000578   0x08000578   0x00000004   Code   RO          894    .text.GUI_clear     LCD_GUI.o
    0x0800057c   0x0800057c   0x00000088   Code   RO          900    .text.GUI_disChar   LCD_GUI.o
    0x08000604   0x08000604   0x00000054   Code   RO          904    .text.GUI_disNum    LCD_GUI.o
    0x08000658   0x08000658   0x00000114   Code   RO          902    .text.GUI_disStr    LCD_GUI.o
    0x0800076c   0x0800076c   0x00000064   Code   RO          896    .text.GUI_drawPoint  LCD_GUI.o
    0x080007d0   0x080007d0   0x000000c6   Code   RO          898    .text.GUI_drawRectangle  LCD_GUI.o
    0x08000896   0x08000896   0x00000002   PAD
    0x08000898   0x08000898   0x00000012   Code   RO          892    .text.GUI_init      LCD_GUI.o
    0x080008aa   0x080008aa   0x00000002   PAD
    0x080008ac   0x080008ac   0x00000028   Code   RO          220    .text.HAL_Delay     stm32f4xx_hal.o
    0x080008d4   0x080008d4   0x00000002   Code   RO          761    .text.HAL_ETH_ErrorCallback  stm32f4xx_hal_eth.o
    0x080008d6   0x080008d6   0x00000002   PAD
    0x080008d8   0x080008d8   0x0000006c   Code   RO          755    .text.HAL_ETH_IRQHandler  stm32f4xx_hal_eth.o
    0x08000944   0x08000944   0x00000002   Code   RO          757    .text.HAL_ETH_RxCpltCallback  stm32f4xx_hal_eth.o
    0x08000946   0x08000946   0x00000002   PAD
    0x08000948   0x08000948   0x00000002   Code   RO          759    .text.HAL_ETH_TxCpltCallback  stm32f4xx_hal_eth.o
    0x0800094a   0x0800094a   0x00000002   PAD
    0x0800094c   0x0800094c   0x000001be   Code   RO          164    .text.HAL_GPIO_DeInit  stm32f4xx_hal_gpio.o
    0x08000b0a   0x08000b0a   0x00000002   PAD
    0x08000b0c   0x08000b0c   0x000001d4   Code   RO          162    .text.HAL_GPIO_Init  stm32f4xx_hal_gpio.o
    0x08000ce0   0x08000ce0   0x0000000a   Code   RO          166    .text.HAL_GPIO_ReadPin  stm32f4xx_hal_gpio.o
    0x08000cea   0x08000cea   0x00000002   PAD
    0x08000cec   0x08000cec   0x0000000e   Code   RO          170    .text.HAL_GPIO_TogglePin  stm32f4xx_hal_gpio.o
    0x08000cfa   0x08000cfa   0x00000002   PAD
    0x08000cfc   0x08000cfc   0x0000000a   Code   RO          168    .text.HAL_GPIO_WritePin  stm32f4xx_hal_gpio.o
    0x08000d06   0x08000d06   0x00000002   PAD
    0x08000d08   0x08000d08   0x0000000c   Code   RO          212    .text.HAL_GetTick   stm32f4xx_hal.o
    0x08000d14   0x08000d14   0x0000001a   Code   RO          210    .text.HAL_IncTick   stm32f4xx_hal.o
    0x08000d2e   0x08000d2e   0x00000002   PAD
    0x08000d30   0x08000d30   0x0000002e   Code   RO          200    .text.HAL_Init      stm32f4xx_hal.o
    0x08000d5e   0x08000d5e   0x00000002   PAD
    0x08000d60   0x08000d60   0x00000050   Code   RO          202    .text.HAL_InitTick  stm32f4xx_hal.o
    0x08000db0   0x08000db0   0x00000002   Code   RO          204    .text.HAL_MspInit   stm32f4xx_hal.o
    0x08000db2   0x08000db2   0x00000002   PAD
    0x08000db4   0x08000db4   0x0000002a   Code   RO           92    .text.HAL_NVIC_DisableIRQ  stm32f4xx_hal_cortex.o
    0x08000dde   0x08000dde   0x00000002   PAD
    0x08000de0   0x08000de0   0x00000056   Code   RO           88    .text.HAL_NVIC_SetPriority  stm32f4xx_hal_cortex.o
    0x08000e36   0x08000e36   0x00000002   PAD
    0x08000e38   0x08000e38   0x00000020   Code   RO           86    .text.HAL_NVIC_SetPriorityGrouping  stm32f4xx_hal_cortex.o
    0x08000e58   0x08000e58   0x0000007a   Code   RO          192    .text.HAL_PWREx_EnableOverDrive  stm32f4xx_hal_pwr_ex.o
    0x08000ed2   0x08000ed2   0x00000002   PAD
    0x08000ed4   0x08000ed4   0x00000160   Code   RO          267    .text.HAL_RCC_ClockConfig  stm32f4xx_hal_rcc.o
    0x08001034   0x08001034   0x00000026   Code   RO          279    .text.HAL_RCC_GetPCLK1Freq  stm32f4xx_hal_rcc.o
    0x0800105a   0x0800105a   0x00000002   PAD
    0x0800105c   0x0800105c   0x0000006a   Code   RO          269    .text.HAL_RCC_GetSysClockFreq  stm32f4xx_hal_rcc.o
    0x080010c6   0x080010c6   0x00000002   PAD
    0x080010c8   0x080010c8   0x00000360   Code   RO          265    .text.HAL_RCC_OscConfig  stm32f4xx_hal_rcc.o
    0x08001428   0x08001428   0x0000002c   Code   RO           98    .text.HAL_SYSTICK_Config  stm32f4xx_hal_cortex.o
    0x08001454   0x08001454   0x000000b6   Code   RO          715    .text.HAL_TIMEx_MasterConfigSynchronization  stm32f4xx_hal_tim_ex.o
    0x0800150a   0x0800150a   0x00000002   PAD
    0x0800150c   0x0800150c   0x0000021a   Code   RO          447    .text.HAL_TIM_PWM_ConfigChannel  stm32f4xx_hal_tim.o
    0x08001726   0x08001726   0x00000002   PAD
    0x08001728   0x08001728   0x00000036   Code   RO          347    .text.HAL_TIM_PWM_Init  stm32f4xx_hal_tim.o
    0x0800175e   0x0800175e   0x00000002   PAD
    0x08001760   0x08001760   0x00000034   Code   RO          954    .text.HAL_TIM_PWM_MspInit  LCD_TIM.o
    0x08001794   0x08001794   0x0000004c   Code   RO          355    .text.HAL_TIM_PWM_Start  stm32f4xx_hal_tim.o
    0x080017e0   0x080017e0   0x00000002   Code   RO           65    .text.HardFault_Handler  stm32f4xx_it.o
    0x080017e2   0x080017e2   0x00000002   PAD
    0x080017e4   0x080017e4   0x0000007a   Code   RO          968    .text.LCDErrHandler  LCD_Tools.o
    0x0800185e   0x0800185e   0x00000002   PAD
    0x08001860   0x08001860   0x00000010   Code   RO          883    .text.LCD_clear     LCD_Driver.o
    0x08001870   0x08001870   0x00000134   Code   RO          881    .text.LCD_fillRectangleBW  LCD_Driver.o
    0x080019a4   0x080019a4   0x000000d0   Code   RO          877    .text.LCD_fillRectangleMC  LCD_Driver.o
    0x08001a74   0x08001a74   0x00000242   Code   RO          875    .text.LCD_init      LCD_Driver.o
    0x08001cb6   0x08001cb6   0x00000002   PAD
    0x08001cb8   0x08001cb8   0x000001fc   Code   RO          879    .text.LCD_setWindow  LCD_Driver.o
    0x08001eb4   0x08001eb4   0x00000002   Code   RO           67    .text.MemManage_Handler  stm32f4xx_it.o
    0x08001eb6   0x08001eb6   0x00000002   PAD
    0x08001eb8   0x08001eb8   0x00000002   Code   RO           63    .text.NMI_Handler   stm32f4xx_it.o
    0x08001eba   0x08001eba   0x00000002   PAD
    0x08001ebc   0x08001ebc   0x0000002e   Code   RO          958    .text.PWM_SetValue  LCD_TIM.o
    0x08001eea   0x08001eea   0x00000002   PAD
    0x08001eec   0x08001eec   0x00000002   Code   RO           77    .text.PendSV_Handler  stm32f4xx_it.o
    0x08001eee   0x08001eee   0x00000002   PAD
    0x08001ef0   0x08001ef0   0x00000006   Code   RO          942    .text.SPI4W_Read_Byte  LCD_SPI.o
    0x08001ef6   0x08001ef6   0x00000002   PAD
    0x08001ef8   0x08001ef8   0x0000011e   Code   RO          940    .text.SPI4W_Write_Byte  LCD_SPI.o
    0x08002016   0x08002016   0x00000002   PAD
    0x08002018   0x08002018   0x000000c6   Code   RO          934    .text.SPIinit       LCD_SPI.o
    0x080020de   0x080020de   0x00000002   PAD
    0x080020e0   0x080020e0   0x0000002c   Code   RO          938    .text.SPIsetLCDSpeed  LCD_SPI.o
    0x0800210c   0x0800210c   0x00000046   Code   RO          936    .text.SPIsetTPSpeed  LCD_SPI.o
    0x08002152   0x08002152   0x00000002   PAD
    0x08002154   0x08002154   0x00000002   Code   RO           73    .text.SVC_Handler   stm32f4xx_it.o
    0x08002156   0x08002156   0x00000002   PAD
    0x08002158   0x08002158   0x00000004   Code   RO           79    .text.SysTick_Handler  stm32f4xx_it.o
    0x0800215c   0x0800215c   0x00000056   Code   RO           54    .text.SystemInit    system_stm32f4xx.o
    0x080021b2   0x080021b2   0x00000002   PAD
    0x080021b4   0x080021b4   0x000000b8   Code   RO          952    .text.TIM4_Init     LCD_TIM.o
    0x0800226c   0x0800226c   0x00000124   Code   RO          297    .text.TIM_Base_SetConfig  stm32f4xx_hal_tim.o
    0x08002390   0x08002390   0x0000004a   Code   RO          923    .text.TP_InitBasic  LCD_Touch.o
    0x080023da   0x080023da   0x00000002   PAD
    0x080023dc   0x080023dc   0x000001ca   Code   RO          927    .text.TP_Read_ADC_Average  LCD_Touch.o
    0x080025a6   0x080025a6   0x00000002   PAD
    0x080025a8   0x080025a8   0x0000000c   Code   RO          925    .text.TP_get        LCD_Touch.o
    0x080025b4   0x080025b4   0x00000134   Code   RO          921    .text.TP_pressed    LCD_Touch.o
    0x080026e8   0x080026e8   0x00000854   Code   RO         1097    .text.USART3_Control  USART_STM32F4xx.o
    0x08002f3c   0x08002f3c   0x00000006   Code   RO         1079    .text.USART3_GetCapabilities  USART_STM32F4xx.o
    0x08002f42   0x08002f42   0x00000002   PAD
    0x08002f44   0x08002f44   0x00000004   Code   RO         1103    .text.USART3_GetModemStatus  USART_STM32F4xx.o
    0x08002f48   0x08002f48   0x0000000c   Code   RO         1095    .text.USART3_GetRxCount  USART_STM32F4xx.o
    0x08002f54   0x08002f54   0x00000074   Code   RO         1099    .text.USART3_GetStatus  USART_STM32F4xx.o
    0x08002fc8   0x08002fc8   0x0000000c   Code   RO         1093    .text.USART3_GetTxCount  USART_STM32F4xx.o
    0x08002fd4   0x08002fd4   0x0000000c   Code   RO         1075    .text.USART3_IRQHandler  USART_STM32F4xx.o
    0x08002fe0   0x08002fe0   0x00000066   Code   RO         1081    .text.USART3_Initialize  USART_STM32F4xx.o
    0x08003046   0x08003046   0x00000002   PAD
    0x08003048   0x08003048   0x00000004   Code   RO         1085    .text.USART3_PowerControl  USART_STM32F4xx.o
    0x0800304c   0x0800304c   0x000000b8   Code   RO         1089    .text.USART3_Receive  USART_STM32F4xx.o
    0x08003104   0x08003104   0x00000078   Code   RO         1087    .text.USART3_Send   USART_STM32F4xx.o
    0x0800317c   0x0800317c   0x0000002e   Code   RO         1101    .text.USART3_SetModemControl  USART_STM32F4xx.o
    0x080031aa   0x080031aa   0x00000002   PAD
    0x080031ac   0x080031ac   0x000000c6   Code   RO         1091    .text.USART3_Transfer  USART_STM32F4xx.o
    0x08003272   0x08003272   0x00000002   PAD
    0x08003274   0x08003274   0x0000006c   Code   RO         1083    .text.USART3_Uninitialize  USART_STM32F4xx.o
    0x080032e0   0x080032e0   0x00000224   Code   RO         1073    .text.USART_IRQHandler  USART_STM32F4xx.o
    0x08003504   0x08003504   0x000000e6   Code   RO         1105    .text.USART_PowerControl  USART_STM32F4xx.o
    0x080035ea   0x080035ea   0x00000002   PAD
    0x080035ec   0x080035ec   0x0000000a   Code   RO         1077    .text.USARTx_GetVersion  USART_STM32F4xx.o
    0x080035f6   0x080035f6   0x00000002   PAD
    0x080035f8   0x080035f8   0x00000002   Code   RO           71    .text.UsageFault_Handler  stm32f4xx_it.o
    0x080035fa   0x080035fa   0x00000002   PAD
    0x080035fc   0x080035fc   0x00000048   Code   RO         1167    .text.checkOverflow  stack.o
    0x08003644   0x08003644   0x0000000c   Code   RO         1135    .text.clearEchoTerm  display.o
    0x08003650   0x08003650   0x0000002e   Code   RO         1157    .text.clearStack    stack.o
    0x0800367e   0x0800367e   0x00000002   PAD
    0x08003680   0x08003680   0x0000000c   Code   RO         1133    .text.clearStdout   display.o
    0x0800368c   0x0800368c   0x00000022   Code   RO         1038    .text.clearTerm     terminal.o
    0x080036ae   0x080036ae   0x00000002   PAD
    0x080036b0   0x080036b0   0x0000005a   Code   RO         1163    .text.duplicateTop  stack.o
    0x0800370a   0x0800370a   0x00000002   PAD
    0x0800370c   0x0800370c   0x000000ac   Code   RO         1036    .text.genTerm       terminal.o
    0x080037b8   0x080037b8   0x0000044e   Code   RO         1058    .text.getKeyPadInput  keypad.o
    0x08003c06   0x08003c06   0x00000002   PAD
    0x08003c08   0x08003c08   0x00000098   Code   RO         1139    .text.initDisplay   display.o
    0x08003ca0   0x08003ca0   0x00000160   Code   RO         1030    .text.initITSboard  init.o
    0x08003e00   0x08003e00   0x000001de   Code   RO          970    .text.itoa          LCD_Tools.o
    0x08003fde   0x08003fde   0x00000002   PAD
    0x08003fe0   0x08003fe0   0x0000014c   Code   RO         1007    .text.lcdPrintS     lcd.o
    0x0800412c   0x0800412c   0x000001b8   Code   RO         1123    .text.main          main.o
    0x080042e4   0x080042e4   0x000000e0   Code   RO         1054    .text.makeKeyPad    keypad.o
    0x080043c4   0x080043c4   0x000000c8   Code   RO         1128    .text.nextToken     scanner.o
    0x0800448c   0x0800448c   0x0000003a   Code   RO         1155    .text.pop           stack.o
    0x080044c6   0x080044c6   0x00000002   PAD
    0x080044c8   0x080044c8   0x00000094   Code   RO         1161    .text.printAll      stack.o
    0x0800455c   0x0800455c   0x00000178   Code   RO         1056    .text.printButton   keypad.o
    0x080046d4   0x080046d4   0x00000086   Code   RO         1044    .text.printChar     terminal.o
    0x0800475a   0x0800475a   0x00000002   PAD
    0x0800475c   0x0800475c   0x000000a0   Code   RO          989    .text.printDebugMsg  LCD_Debug.o
    0x080047fc   0x080047fc   0x0000000c   Code   RO         1137    .text.printStdout   display.o
    0x08004808   0x08004808   0x00000032   Code   RO         1046    .text.printTerm     terminal.o
    0x0800483a   0x0800483a   0x00000002   PAD
    0x0800483c   0x0800483c   0x00000022   Code   RO         1141    .text.printToEchoLine  display.o
    0x0800485e   0x0800485e   0x00000002   PAD
    0x08004860   0x08004860   0x00000054   Code   RO         1159    .text.printTop      stack.o
    0x080048b4   0x080048b4   0x0000003a   Code   RO         1153    .text.push          stack.o
    0x080048ee   0x080048ee   0x00000002   PAD
    0x080048f0   0x080048f0   0x0000001e   Code   RO         1143    .text.setErrMode    display.o
    0x0800490e   0x0800490e   0x00000002   PAD
    0x08004910   0x08004910   0x0000001c   Code   RO         1145    .text.setNormalMode  display.o
    0x0800492c   0x0800492c   0x00000004   Code   RO         1040    .text.setTextColorTerm  terminal.o
    0x08004930   0x08004930   0x00000044   Code   RO         1115    .text.stdinout_init  stdinout_USART.o
    0x08004974   0x08004974   0x00000060   Code   RO         1165    .text.swapTop       stack.o
    0x080049d4   0x080049d4   0x00000028   Code   RO         1287    i.__0sprintf$3      mc_w.l(printf3.o)
    0x080049fc   0x080049fc   0x0000000e   Code   RO         1525    i.__scatterload_copy  mc_w.l(handlers.o)
    0x08004a0a   0x08004a0a   0x00000002   Code   RO         1526    i.__scatterload_null  mc_w.l(handlers.o)
    0x08004a0c   0x08004a0c   0x0000000e   Code   RO         1527    i.__scatterload_zeroinit  mc_w.l(handlers.o)
    0x08004a1a   0x08004a1a   0x00000002   PAD
    0x08004a1c   0x08004a1c   0x000001b8   Code   RO         1292    i._printf_core      mc_w.l(printf3.o)
    0x08004bd4   0x08004bd4   0x0000000a   Code   RO         1294    i._sputc            mc_w.l(printf3.o)
    0x08004bde   0x08004bde   0x00000010   Data   RO           59    .rodata.AHBPrescTable  system_stm32f4xx.o
    0x08004bee   0x08004bee   0x00000008   Data   RO           60    .rodata.APBPrescTable  system_stm32f4xx.o
    0x08004bf6   0x08004bf6   0x00000002   PAD
    0x08004bf8   0x08004bf8   0x00000038   Data   RO         1107    .rodata.Driver_USART3  USART_STM32F4xx.o
    0x08004c30   0x08004c30   0x00000034   Data   RO         1112    .rodata.USART3_Resources  USART_STM32F4xx.o
    0x08004c64   0x08004c64   0x0000000c   Data   RO         1109    .rodata.USART3_rx   USART_STM32F4xx.o
    0x08004c70   0x08004c70   0x0000000c   Data   RO         1108    .rodata.USART3_tx   USART_STM32F4xx.o
    0x08004c7c   0x08004c7c   0x00000067   Data   RO          889    .rodata.initCmds    LCD_Driver.o
    0x08004ce3   0x08004ce3   0x00000001   PAD
    0x08004ce4   0x08004ce4   0x00000150   Data   RO         1062    .rodata.keypad      keypad.o
    0x08004e34   0x08004e34   0x00000050   Data   RO          914    .rodata.str1.1      LCD_GUI.o
    0x08004e84   0x08004e84   0x00000050   Data   RO          944    .rodata.str1.1      LCD_SPI.o
    0x08004ed4   0x08004ed4   0x00000050   Data   RO          961    .rodata.str1.1      LCD_TIM.o
    0x08004f24   0x08004f24   0x00000036   Data   RO         1170    .rodata.str1.1      stack.o
    0x08004f5a   0x08004f5a   0x00000002   PAD
    0x08004f5c   0x08004f5c   0x00000020   Data   RO         1524    Region$$Table       anon$$obj.o


    Execution Region RW_IRAM1 (Exec base: 0x20000000, Load base: 0x08004f80, Size: 0x000005b8, Max: 0x00030000, ABSOLUTE)

    Exec Addr    Load Addr    Size         Type   Attr      Idx    E Section Name        Object

    0x20000000   0x08004f80   0x00000008   Data   RW          857    .data.Consolas40FLASH  fontsFLASH.o
    0x20000008   0x08004f88   0x00000008   Data   RW          851    .data.Font16FLASH   fontsFLASH.o
    0x20000010   0x08004f90   0x00000004   Data   RW           58    .data.SystemCoreClock  system_stm32f4xx.o
    0x20000014   0x08004f94   0x00000004   Data   RW         1023    .data.crd           lcd.o
    0x20000018   0x08004f98   0x00000018   Data   RW         1150    .data.echoTerm      display.o
    0x20000030   0x08004fb0   0x00000004   Data   RW         1024    .data.fontHeight    lcd.o
    0x20000034   0x08004fb4   0x00000004   Data   RW         1022    .data.fontWidth     lcd.o
    0x20000038   0x08004fb8   0x00000004   Data   RW         1025    .data.lcdFont       lcd.o
    0x2000003c   0x08004fbc   0x00000004   Data   RW         1021    .data.lcdmaxx       lcd.o
    0x20000040   0x08004fc0   0x00000004   Data   RW         1026    .data.lcdmaxy       lcd.o
    0x20000044   0x08004fc4   0x00000001   Data   RW         1130    .data.nextToken.c   scanner.o
    0x20000045   0x08004fc5   0x00000003   PAD
    0x20000048   0x08004fc8   0x00000004   Data   RW          945    .data.save_restore_AltFn_SPI1_MOSI_Pin.saved_AF  LCD_SPI.o
    0x2000004c   0x08004fcc   0x00000018   Data   RW         1149    .data.stdoutTerm    display.o
    0x20000064   0x08004fe4   0x00000001   Data   RW          259    .data.uwTickFreq    stm32f4xx_hal.o
    0x20000065   0x08004fe5   0x00000003   PAD
    0x20000068   0x08004fe8   0x00000004   Data   RW          258    .data.uwTickPrio    stm32f4xx_hal.o
    0x2000006c   0x08004fec   0x00000004   PAD
    0x20000070        -       0x00000048   Zero   RW           83    .bss.EthHandle      stm32f4xx_it.o
    0x200000b8        -       0x00000014   Zero   RW         1110    .bss.USART3_Info    USART_STM32F4xx.o
    0x200000cc        -       0x00000024   Zero   RW         1111    .bss.USART3_TransferInfo  USART_STM32F4xx.o
    0x200000f0        -       0x00000040   Zero   RW          960    .bss.htim4          LCD_TIM.o
    0x20000130        -       0x00000018   Zero   RW          930    .bss.sTP_DEV        LCD_Touch.o
    0x20000148        -       0x00000064   Zero   RW         1171    .bss.stack          stack.o
    0x200001ac        -       0x00000004   Zero   RW         1169    .bss.top            stack.o
    0x200001b0        -       0x00000004   Zero   RW          260    .bss.uwTick         stm32f4xx_hal.o
    0x200001b4   0x08004fec   0x00000004   PAD
    0x200001b8        -       0x00000400   Zero   RW           48    STACK               startup_stm32f429xx.o


==============================================================================

Image component sizes


      Code (inc. data)   RO Data    RW Data    ZI Data      Debug   Object Name

       160         32          0          0          0         56   LCD_Debug.o
      1618          0        103          0          0        228   LCD_Driver.o
       316          0          0          0          0         60   LCD_GPIO.o
       816          0         80          0          0        372   LCD_GUI.o
       604          0         80          4          0        124   LCD_SPI.o
       282          0         80          0         64        116   LCD_TIM.o
       606          0          0          0          0        112   LCD_Tools.o
       852          8          0          0         24        220   LCD_Touch.o
      3844         54        132          0         56        400   USART_STM32F4xx.o
       280          0          0         48          0        204   display.o
       232          0          0          0          0         40   error.o
         0          0          0         16          0          0   fontsFLASH.o
       352          0          0          0          0         80   init.o
      1702          0        336          0          0        156   keypad.o
       332          0          0         24          0        236   lcd.o
       440        158          0          0          0         40   main.o
       200         74          0          1          0         48   scanner.o
       652        112         54          0        104        228   stack.o
        36          8        428          0       1024        276   startup_stm32f429xx.o
        68          0          0          0          0        104   stdinout_USART.o
       206          0          0          5          4        536   stm32f4xx_hal.o
       204          0          0          0          0        356   stm32f4xx_hal_cortex.o
       114          0          0          0          0        572   stm32f4xx_hal_eth.o
       948          0          0          0          0        200   stm32f4xx_hal_gpio.o
       122          0          0          0          0        252   stm32f4xx_hal_pwr_ex.o
      1360          4          0          0          0        312   stm32f4xx_hal_rcc.o
       960          4          0          0          0       2196   stm32f4xx_hal_tim.o
       182          0          0          0          0        800   stm32f4xx_hal_tim_ex.o
        32          0          0          0         72        180   stm32f4xx_it.o
        86          0         24          4          0         60   system_stm32f4xx.o
       394         40          0          0          0        224   terminal.o

    ----------------------------------------------------------------------
     18112        494       1354        108       1356       8788   Object Totals
         0          0         32          0          0          0   (incl. Generated)
       112          0          5          6          8          0   (incl. Padding)

    ----------------------------------------------------------------------

      Code (inc. data)   RO Data    RW Data    ZI Data      Debug   Library Member Name

         0          0          0          0          0          0   entry.o
         0          0          0          0          0          0   entry10a.o
         0          0          0          0          0          0   entry11a.o
         8          4          0          0          0          0   entry2.o
         4          0          0          0          0          0   entry5.o
         0          0          0          0          0          0   entry7b.o
         0          0          0          0          0          0   entry8b.o
         8          4          0          0          0          0   entry9a.o
        30          0          0          0          0          0   handlers.o
        48         10          0          0          0         68   init.o
        30          0          0          0          0         68   llshl.o
        32          0          0          0          0         68   llushr.o
        36          0          0          0          0         68   memcpya.o
        36          0          0          0          0        108   memseta.o
       490         10          0          0          0        252   printf3.o
        14          0          0          0          0         68   strlen.o
        44          0          0          0          0         80   uidiv.o
        98          0          0          0          0         92   uldiv.o

    ----------------------------------------------------------------------
       882         28          0          0          0        872   Library Totals
         4          0          0          0          0          0   (incl. Padding)

    ----------------------------------------------------------------------

      Code (inc. data)   RO Data    RW Data    ZI Data      Debug   Library Name

       878         28          0          0          0        872   mc_w.l

    ----------------------------------------------------------------------
       882         28          0          0          0        872   Library Totals

    ----------------------------------------------------------------------

==============================================================================


      Code (inc. data)   RO Data    RW Data    ZI Data      Debug   

     18994        522       1354        108       1356       8940   Grand Totals
     18994        522       1354        108       1356       8940   ELF Image Totals
     18994        522       1354        108          0          0   ROM Totals

==============================================================================

    Total RO  Size (Code + RO Data)                20348 (  19.87kB)
    Total RW  Size (RW Data + ZI Data)              1464 (   1.43kB)
    Total ROM Size (Code + RO Data + RW Data)      20456 (  19.98kB)

==============================================================================

